[0.085s] DEBUG:colcon:Command line arguments: ['/usr/bin/colcon', 'build', '--packages-select', 'web_video_server']
[0.085s] DEBUG:colcon:Parsed command line arguments: Namespace(log_base=None, log_level=None, verb_name='build', build_base='build', install_base='install', merge_install=False, symlink_install=False, test_result_base=None, continue_on_error=False, executor='parallel', parallel_workers=32, event_handlers=None, ignore_user_meta=False, metas=['./colcon.meta'], base_paths=['.'], packages_ignore=None, packages_ignore_regex=None, paths=None, packages_up_to=None, packages_up_to_regex=None, packages_above=None, packages_above_and_dependencies=None, packages_above_depth=None, packages_select_by_dep=None, packages_skip_by_dep=None, packages_skip_up_to=None, packages_select_build_failed=False, packages_skip_build_finished=False, packages_select_test_failures=False, packages_skip_test_passed=False, packages_select=['web_video_server'], packages_skip=None, packages_select_regex=None, packages_skip_regex=None, packages_start=None, packages_end=None, allow_overriding=[], cmake_args=None, cmake_target=None, cmake_target_skip_unavailable=False, cmake_clean_cache=False, cmake_clean_first=False, cmake_force_configure=False, ament_cmake_args=None, catkin_cmake_args=None, catkin_skip_building_tests=False, mixin_files=None, mixin=None, verb_parser=<colcon_mixin.mixin.mixin_argument.MixinArgumentDecorator object at 0x7e6cfb9caab0>, verb_extension=<colcon_core.verb.build.BuildVerb object at 0x7e6cfb9ca870>, main=<bound method BuildVerb.main of <colcon_core.verb.build.BuildVerb object at 0x7e6cfb9ca870>>, mixin_verb=('build',))
[0.113s] Level 1:colcon.colcon_core.package_discovery:discover_packages(colcon_meta) check parameters
[0.113s] Level 1:colcon.colcon_core.package_discovery:discover_packages(recursive) check parameters
[0.114s] Level 1:colcon.colcon_core.package_discovery:discover_packages(ignore) check parameters
[0.114s] Level 1:colcon.colcon_core.package_discovery:discover_packages(path) check parameters
[0.114s] Level 1:colcon.colcon_core.package_discovery:discover_packages(colcon_meta) discover
[0.114s] Level 1:colcon.colcon_core.package_discovery:discover_packages(recursive) discover
[0.114s] INFO:colcon.colcon_core.package_discovery:Crawling recursively for packages in '/home/jcfurey/wvs_ws/src/web_video_server'
[0.114s] Level 1:colcon.colcon_core.package_identification:_identify(.) by extensions ['ignore', 'ignore_ament_install']
[0.114s] Level 1:colcon.colcon_core.package_identification:_identify(.) by extension 'ignore'
[0.114s] Level 1:colcon.colcon_core.package_identification:_identify(.) by extension 'ignore_ament_install'
[0.114s] Level 1:colcon.colcon_core.package_identification:_identify(.) by extensions ['colcon_pkg']
[0.114s] Level 1:colcon.colcon_core.package_identification:_identify(.) by extension 'colcon_pkg'
[0.114s] Level 1:colcon.colcon_core.package_identification:_identify(.) by extensions ['colcon_meta']
[0.114s] Level 1:colcon.colcon_core.package_identification:_identify(.) by extension 'colcon_meta'
[0.114s] Level 1:colcon.colcon_core.package_identification:_identify(.) by extensions ['ros']
[0.114s] Level 1:colcon.colcon_core.package_identification:_identify(.) by extension 'ros'
[0.134s] DEBUG:colcon.colcon_core.package_identification:Package '.' with type 'ros.ament_cmake' and name 'web_video_server'
[0.134s] Level 1:colcon.colcon_core.package_discovery:discover_packages(recursive) using defaults
[0.134s] Level 1:colcon.colcon_core.package_discovery:discover_packages(ignore) discover
[0.134s] Level 1:colcon.colcon_core.package_discovery:discover_packages(ignore) using defaults
[0.134s] Level 1:colcon.colcon_core.package_discovery:discover_packages(path) discover
[0.134s] Level 1:colcon.colcon_core.package_discovery:discover_packages(path) using defaults
[0.147s] Level 1:colcon.colcon_core.package_discovery:discover_packages(prefix_path) check parameters
[0.147s] Level 1:colcon.colcon_core.package_discovery:discover_packages(prefix_path) discover
[0.149s] DEBUG:colcon.colcon_installed_package_information.package_discovery:Found 389 installed packages in /opt/ros/jazzy
[0.150s] Level 1:colcon.colcon_core.package_discovery:discover_packages(prefix_path) using defaults
[0.191s] Level 5:colcon.colcon_core.verb:set package 'web_video_server' build argument 'cmake_args' from command line to 'None'
[0.191s] Level 5:colcon.colcon_core.verb:set package 'web_video_server' build argument 'cmake_target' from command line to 'None'
[0.191s] Level 5:colcon.colcon_core.verb:set package 'web_video_server' build argument 'cmake_target_skip_unavailable' from command line to 'False'
[0.191s] Level 5:colcon.colcon_core.verb:set package 'web_video_server' build argument 'cmake_clean_cache' from command line to 'False'
[0.191s] Level 5:colcon.colcon_core.verb:set package 'web_video_server' build argument 'cmake_clean_first' from command line to 'False'
[0.191s] Level 5:colcon.colcon_core.verb:set package 'web_video_server' build argument 'cmake_force_configure' from command line to 'False'
[0.191s] Level 5:colcon.colcon_core.verb:set package 'web_video_server' build argument 'ament_cmake_args' from command line to 'None'
[0.191s] Level 5:colcon.colcon_core.verb:set package 'web_video_server' build argument 'catkin_cmake_args' from command line to 'None'
[0.191s] Level 5:colcon.colcon_core.verb:set package 'web_video_server' build argument 'catkin_skip_building_tests' from command line to 'False'
[0.191s] DEBUG:colcon.colcon_core.verb:Building package 'web_video_server' with the following arguments: {'ament_cmake_args': None, 'build_base': '/home/jcfurey/wvs_ws/src/web_video_server/build/web_video_server', 'catkin_cmake_args': None, 'catkin_skip_building_tests': False, 'cmake_args': None, 'cmake_clean_cache': False, 'cmake_clean_first': False, 'cmake_force_configure': False, 'cmake_target': None, 'cmake_target_skip_unavailable': False, 'install_base': '/home/jcfurey/wvs_ws/src/web_video_server/install/web_video_server', 'merge_install': False, 'path': '/home/jcfurey/wvs_ws/src/web_video_server', 'symlink_install': False, 'test_result_base': None}
[0.191s] INFO:colcon.colcon_core.executor:Executing jobs using 'parallel' executor
[0.192s] DEBUG:colcon.colcon_parallel_executor.executor.parallel:run_until_complete
[0.192s] INFO:colcon.colcon_ros.task.ament_cmake.build:Building ROS package in '/home/jcfurey/wvs_ws/src/web_video_server' with build type 'ament_cmake'
[0.192s] INFO:colcon.colcon_cmake.task.cmake.build:Building CMake package in '/home/jcfurey/wvs_ws/src/web_video_server'
[0.193s] INFO:colcon.colcon_core.plugin_system:Skipping extension 'colcon_core.shell.bat': Not used on non-Windows systems
[0.193s] INFO:colcon.colcon_core.shell:Skip shell extension 'powershell' for command environment: Not usable outside of PowerShell
[0.193s] DEBUG:colcon.colcon_core.shell:Skip shell extension 'dsv' for command environment
[0.201s] DEBUG:colcon.colcon_core.event_handler.log_command:Invoking command in '/home/jcfurey/wvs_ws/src/web_video_server/build/web_video_server': CMAKE_PREFIX_PATH=${CMAKE_PREFIX_PATH}:/opt/ros/jazzy DEBUGINFOD_URLS=https://debuginfod.ubuntu.com /usr/bin/cmake /home/jcfurey/wvs_ws/src/web_video_server -DCMAKE_INSTALL_PREFIX=/home/jcfurey/wvs_ws/src/web_video_server/install/web_video_server
[2.318s] DEBUG:colcon.colcon_core.event_handler.log_command:Invoked command in '/home/jcfurey/wvs_ws/src/web_video_server/build/web_video_server' returned '0': CMAKE_PREFIX_PATH=${CMAKE_PREFIX_PATH}:/opt/ros/jazzy DEBUGINFOD_URLS=https://debuginfod.ubuntu.com /usr/bin/cmake /home/jcfurey/wvs_ws/src/web_video_server -DCMAKE_INSTALL_PREFIX=/home/jcfurey/wvs_ws/src/web_video_server/install/web_video_server
[2.319s] DEBUG:colcon.colcon_core.event_handler.log_command:Invoking command in '/home/jcfurey/wvs_ws/src/web_video_server/build/web_video_server': CMAKE_PREFIX_PATH=${CMAKE_PREFIX_PATH}:/opt/ros/jazzy DEBUGINFOD_URLS=https://debuginfod.ubuntu.com /usr/bin/cmake --build /home/jcfurey/wvs_ws/src/web_video_server/build/web_video_server -- -j32 -l32
[12.161s] Level 1:colcon.colcon_core.environment:create_environment_scripts_only(web_video_server)
[12.163s] DEBUG:colcon.colcon_core.event_handler.log_command:Invoked command in '/home/jcfurey/wvs_ws/src/web_video_server/build/web_video_server' returned '2': CMAKE_PREFIX_PATH=${CMAKE_PREFIX_PATH}:/opt/ros/jazzy DEBUGINFOD_URLS=https://debuginfod.ubuntu.com /usr/bin/cmake --build /home/jcfurey/wvs_ws/src/web_video_server/build/web_video_server -- -j32 -l32
[12.164s] Level 1:colcon.colcon_core.environment:checking '/home/jcfurey/wvs_ws/src/web_video_server/install/web_video_server' for CMake module files
[12.164s] Level 1:colcon.colcon_core.environment:checking '/home/jcfurey/wvs_ws/src/web_video_server/install/web_video_server' for CMake config files
[12.164s] Level 1:colcon.colcon_core.environment:checking '/home/jcfurey/wvs_ws/src/web_video_server/install/web_video_server/bin'
[12.164s] Level 1:colcon.colcon_core.environment:checking '/home/jcfurey/wvs_ws/src/web_video_server/install/web_video_server/lib/pkgconfig/web_video_server.pc'
[12.164s] Level 1:colcon.colcon_core.environment:checking '/home/jcfurey/wvs_ws/src/web_video_server/install/web_video_server/lib/python3.12/site-packages'
[12.164s] Level 1:colcon.colcon_core.environment:checking '/home/jcfurey/wvs_ws/src/web_video_server/install/web_video_server/bin'
[12.165s] INFO:colcon.colcon_core.shell:Creating package script '/home/jcfurey/wvs_ws/src/web_video_server/install/web_video_server/share/web_video_server/package.ps1'
[12.165s] INFO:colcon.colcon_core.shell:Creating package descriptor '/home/jcfurey/wvs_ws/src/web_video_server/install/web_video_server/share/web_video_server/package.dsv'
[12.166s] INFO:colcon.colcon_core.shell:Creating package script '/home/jcfurey/wvs_ws/src/web_video_server/install/web_video_server/share/web_video_server/package.sh'
[12.166s] INFO:colcon.colcon_core.shell:Creating package script '/home/jcfurey/wvs_ws/src/web_video_server/install/web_video_server/share/web_video_server/package.bash'
[12.167s] INFO:colcon.colcon_core.shell:Creating package script '/home/jcfurey/wvs_ws/src/web_video_server/install/web_video_server/share/web_video_server/package.zsh'
[12.167s] Level 1:colcon.colcon_core.environment:create_file_with_runtime_dependencies(/home/jcfurey/wvs_ws/src/web_video_server/install/web_video_server/share/colcon-core/packages/web_video_server)
[12.177s] DEBUG:colcon.colcon_parallel_executor.executor.parallel:closing loop
[12.178s] DEBUG:colcon.colcon_parallel_executor.executor.parallel:loop closed
[12.178s] DEBUG:colcon.colcon_parallel_executor.executor.parallel:run_until_complete finished with '2'
[12.178s] DEBUG:colcon.colcon_core.event_reactor:joining thread
[12.182s] INFO:colcon.colcon_core.plugin_system:Skipping extension 'colcon_notification.desktop_notification.terminal_notifier': Not used on non-Darwin systems
[12.182s] INFO:colcon.colcon_core.plugin_system:Skipping extension 'colcon_notification.desktop_notification.win32': Not used on non-Windows systems
[12.182s] INFO:colcon.colcon_notification.desktop_notification:Sending desktop notification using 'notify2'
[12.192s] DEBUG:colcon.colcon_core.event_reactor:joined thread
[12.192s] INFO:colcon.colcon_core.shell:Creating prefix script '/home/jcfurey/wvs_ws/src/web_video_server/install/local_setup.ps1'
[12.193s] INFO:colcon.colcon_core.shell:Creating prefix util module '/home/jcfurey/wvs_ws/src/web_video_server/install/_local_setup_util_ps1.py'
[12.194s] INFO:colcon.colcon_core.shell:Creating prefix chain script '/home/jcfurey/wvs_ws/src/web_video_server/install/setup.ps1'
[12.195s] INFO:colcon.colcon_core.shell:Creating prefix script '/home/jcfurey/wvs_ws/src/web_video_server/install/local_setup.sh'
[12.196s] INFO:colcon.colcon_core.shell:Creating prefix util module '/home/jcfurey/wvs_ws/src/web_video_server/install/_local_setup_util_sh.py'
[12.196s] INFO:colcon.colcon_core.shell:Creating prefix chain script '/home/jcfurey/wvs_ws/src/web_video_server/install/setup.sh'
[12.197s] INFO:colcon.colcon_core.shell:Creating prefix script '/home/jcfurey/wvs_ws/src/web_video_server/install/local_setup.bash'
[12.197s] INFO:colcon.colcon_core.shell:Creating prefix chain script '/home/jcfurey/wvs_ws/src/web_video_server/install/setup.bash'
[12.198s] INFO:colcon.colcon_core.shell:Creating prefix script '/home/jcfurey/wvs_ws/src/web_video_server/install/local_setup.zsh'
[12.198s] INFO:colcon.colcon_core.shell:Creating prefix chain script '/home/jcfurey/wvs_ws/src/web_video_server/install/setup.zsh'
