In file included from [01m[K/home/jcfurey/wvs_ws/src/web_video_server/include/web_video_server/subscribers/pointcloud2_subscriber.hpp:18[m[K,
                 from [01m[K/home/jcfurey/wvs_ws/src/web_video_server/include/web_video_server/image_streamer.hpp:44[m[K,
                 from [01m[K/home/jcfurey/wvs_ws/src/web_video_server/include/web_video_server/libav_streamer.hpp:50[m[K,
                 from [01m[K/home/jcfurey/wvs_ws/src/web_video_server/include/web_video_server/h264_streamer.hpp:36[m[K,
                 from [01m[K/home/jcfurey/wvs_ws/src/web_video_server/src/h264_streamer.cpp:30[m[K:
[01m[K/home/jcfurey/wvs_ws/src/web_video_server/include/web_video_server/subscribers/ros_subscriber.hpp:16:70:[m[K [01;35m[Kwarning: [m[K‘[01m[Ksensor_msgs::msg::Image_<std::allocator<void> >::ConstPtr[m[K’ is deprecated [[01;35m[K-Wdeprecated-declarations[m[K]
   16 |   typedef std::function<void(const sensor_msgs::msg::Image::ConstPtr&[01;35m[K)[m[K> ImageCallback;
      |                                                                      [01;35m[K^[m[K
In file included from [01m[K/opt/ros/jazzy/include/sensor_msgs/sensor_msgs/msg/image.hpp:7[m[K,
                 from [01m[K/opt/ros/jazzy/include/image_transport/image_transport/camera_publisher.hpp:38[m[K,
                 from [01m[K/opt/ros/jazzy/include/image_transport/image_transport/image_transport.hpp:39[m[K,
                 from [01m[K/home/jcfurey/wvs_ws/src/web_video_server/include/web_video_server/h264_streamer.hpp:35[m[K:
[01m[K/opt/ros/jazzy/include/sensor_msgs/sensor_msgs/msg/detail/image__struct.hpp:176:5:[m[K [01;36m[Knote: [m[Kdeclared here
  176 |     [01;36m[KConstPtr[m[K;
      |     [01;36m[K^~~~~~~~[m[K
[01m[K/home/jcfurey/wvs_ws/src/web_video_server/include/web_video_server/subscribers/ros_subscriber.hpp:30:87:[m[K [01;35m[Kwarning: [m[K‘[01m[Ksensor_msgs::msg::Image_<std::allocator<void> >::ConstPtr[m[K’ is deprecated [[01;35m[K-Wdeprecated-declarations[m[K]
   30 |     virtual void subscriberCallback(const sensor_msgs::msg::Image::ConstPtr &input_msg[01;35m[K)[m[K;
      |                                                                                       [01;35m[K^[m[K
[01m[K/opt/ros/jazzy/include/sensor_msgs/sensor_msgs/msg/detail/image__struct.hpp:176:5:[m[K [01;36m[Knote: [m[Kdeclared here
  176 |     [01;36m[KConstPtr[m[K;
      |     [01;36m[K^~~~~~~~[m[K
[01m[K/home/jcfurey/wvs_ws/src/web_video_server/include/web_video_server/subscribers/pointcloud2_subscriber.hpp:34:85:[m[K [01;35m[Kwarning: [m[K‘[01m[Ksensor_msgs::msg::PointCloud2_<std::allocator<void> >::ConstPtr[m[K’ is deprecated [[01;35m[K-Wdeprecated-declarations[m[K]
   34 |     void subscriberCallback(const sensor_msgs::msg::PointCloud2::ConstPtr &input_msg[01;35m[K)[m[K;
      |                                                                                     [01;35m[K^[m[K
In file included from [01m[K/opt/ros/jazzy/include/sensor_msgs/sensor_msgs/msg/point_cloud2.hpp:7[m[K,
                 from [01m[K/home/jcfurey/wvs_ws/src/web_video_server/include/web_video_server/subscribers/pointcloud2_subscriber.hpp:7[m[K:
[01m[K/opt/ros/jazzy/include/sensor_msgs/sensor_msgs/msg/detail/point_cloud2__struct.hpp:197:5:[m[K [01;36m[Knote: [m[Kdeclared here
  197 |     [01;36m[KConstPtr[m[K;
      |     [01;36m[K^~~~~~~~[m[K
In file included from [01m[K/home/jcfurey/wvs_ws/src/web_video_server/include/web_video_server/image_streamer.hpp:45[m[K:
[01m[K/home/jcfurey/wvs_ws/src/web_video_server/include/web_video_server/subscribers/image_transport_subscriber.hpp:24:79:[m[K [01;35m[Kwarning: [m[K‘[01m[Ksensor_msgs::msg::Image_<std::allocator<void> >::ConstPtr[m[K’ is deprecated [[01;35m[K-Wdeprecated-declarations[m[K]
   24 |     void subscriberCallback(const sensor_msgs::msg::Image::ConstPtr &input_msg[01;35m[K)[m[K;
      |                                                                               [01;35m[K^[m[K
[01m[K/opt/ros/jazzy/include/sensor_msgs/sensor_msgs/msg/detail/image__struct.hpp:176:5:[m[K [01;36m[Knote: [m[Kdeclared here
  176 |     [01;36m[KConstPtr[m[K;
      |     [01;36m[K^~~~~~~~[m[K
In file included from [01m[K/home/jcfurey/wvs_ws/src/web_video_server/include/web_video_server/subscribers/pointcloud2_subscriber.hpp:18[m[K,
                 from [01m[K/home/jcfurey/wvs_ws/src/web_video_server/include/web_video_server/image_streamer.hpp:44[m[K,
                 from [01m[K/home/jcfurey/wvs_ws/src/web_video_server/include/web_video_server/libav_streamer.hpp:50[m[K,
                 from [01m[K/home/jcfurey/wvs_ws/src/web_video_server/include/web_video_server/vp9_streamer.hpp:35[m[K,
                 from [01m[K/home/jcfurey/wvs_ws/src/web_video_server/src/vp9_streamer.cpp:30[m[K:
[01m[K/home/jcfurey/wvs_ws/src/web_video_server/include/web_video_server/subscribers/ros_subscriber.hpp:16:70:[m[K [01;35m[Kwarning: [m[K‘[01m[Ksensor_msgs::msg::Image_<std::allocator<void> >::ConstPtr[m[K’ is deprecated [[01;35m[K-Wdeprecated-declarations[m[K]
   16 |   typedef std::function<void(const sensor_msgs::msg::Image::ConstPtr&[01;35m[K)[m[K> ImageCallback;
      |                                                                      [01;35m[K^[m[K
In file included from [01m[K/opt/ros/jazzy/include/sensor_msgs/sensor_msgs/msg/image.hpp:7[m[K,
                 from [01m[K/opt/ros/jazzy/include/image_transport/image_transport/camera_publisher.hpp:38[m[K,
                 from [01m[K/opt/ros/jazzy/include/image_transport/image_transport/image_transport.hpp:39[m[K,
                 from [01m[K/home/jcfurey/wvs_ws/src/web_video_server/include/web_video_server/vp9_streamer.hpp:34[m[K:
[01m[K/opt/ros/jazzy/include/sensor_msgs/sensor_msgs/msg/detail/image__struct.hpp:176:5:[m[K [01;36m[Knote: [m[Kdeclared here
  176 |     [01;36m[KConstPtr[m[K;
      |     [01;36m[K^~~~~~~~[m[K
[01m[K/home/jcfurey/wvs_ws/src/web_video_server/include/web_video_server/subscribers/ros_subscriber.hpp:30:87:[m[K [01;35m[Kwarning: [m[K‘[01m[Ksensor_msgs::msg::Image_<std::allocator<void> >::ConstPtr[m[K’ is deprecated [[01;35m[K-Wdeprecated-declarations[m[K]
   30 |     virtual void subscriberCallback(const sensor_msgs::msg::Image::ConstPtr &input_msg[01;35m[K)[m[K;
      |                                                                                       [01;35m[K^[m[K
[01m[K/opt/ros/jazzy/include/sensor_msgs/sensor_msgs/msg/detail/image__struct.hpp:176:5:[m[K [01;36m[Knote: [m[Kdeclared here
  176 |     [01;36m[KConstPtr[m[K;
      |     [01;36m[K^~~~~~~~[m[K
[01m[K/home/jcfurey/wvs_ws/src/web_video_server/include/web_video_server/subscribers/pointcloud2_subscriber.hpp:34:85:[m[K [01;35m[Kwarning: [m[K‘[01m[Ksensor_msgs::msg::PointCloud2_<std::allocator<void> >::ConstPtr[m[K’ is deprecated [[01;35m[K-Wdeprecated-declarations[m[K]
   34 |     void subscriberCallback(const sensor_msgs::msg::PointCloud2::ConstPtr &input_msg[01;35m[K)[m[K;
      |                                                                                     [01;35m[K^[m[K
In file included from [01m[K/opt/ros/jazzy/include/sensor_msgs/sensor_msgs/msg/point_cloud2.hpp:7[m[K,
                 from [01m[K/home/jcfurey/wvs_ws/src/web_video_server/include/web_video_server/subscribers/pointcloud2_subscriber.hpp:7[m[K:
[01m[K/opt/ros/jazzy/include/sensor_msgs/sensor_msgs/msg/detail/point_cloud2__struct.hpp:197:5:[m[K [01;36m[Knote: [m[Kdeclared here
  197 |     [01;36m[KConstPtr[m[K;
      |     [01;36m[K^~~~~~~~[m[K
In file included from [01m[K/home/jcfurey/wvs_ws/src/web_video_server/include/web_video_server/image_streamer.hpp:45[m[K:
[01m[K/home/jcfurey/wvs_ws/src/web_video_server/include/web_video_server/subscribers/image_transport_subscriber.hpp:24:79:[m[K [01;35m[Kwarning: [m[K‘[01m[Ksensor_msgs::msg::Image_<std::allocator<void> >::ConstPtr[m[K’ is deprecated [[01;35m[K-Wdeprecated-declarations[m[K]
   24 |     void subscriberCallback(const sensor_msgs::msg::Image::ConstPtr &input_msg[01;35m[K)[m[K;
      |                                                                               [01;35m[K^[m[K
[01m[K/opt/ros/jazzy/include/sensor_msgs/sensor_msgs/msg/detail/image__struct.hpp:176:5:[m[K [01;36m[Knote: [m[Kdeclared here
  176 |     [01;36m[KConstPtr[m[K;
      |     [01;36m[K^~~~~~~~[m[K
In file included from [01m[K/home/jcfurey/wvs_ws/src/web_video_server/include/web_video_server/subscribers/image_transport_subscriber.hpp:8[m[K,
                 from [01m[K/home/jcfurey/wvs_ws/src/web_video_server/src/subscribers/image_transport_subscriber.cpp:2[m[K:
[01m[K/home/jcfurey/wvs_ws/src/web_video_server/include/web_video_server/subscribers/ros_subscriber.hpp:16:70:[m[K [01;35m[Kwarning: [m[K‘[01m[Ksensor_msgs::msg::Image_<std::allocator<void> >::ConstPtr[m[K’ is deprecated [[01;35m[K-Wdeprecated-declarations[m[K]
   16 |   typedef std::function<void(const sensor_msgs::msg::Image::ConstPtr&[01;35m[K)[m[K> ImageCallback;
      |                                                                      [01;35m[K^[m[K
In file included from [01m[K/opt/ros/jazzy/include/sensor_msgs/sensor_msgs/msg/image.hpp:7[m[K,
                 from [01m[K/opt/ros/jazzy/include/image_transport/image_transport/camera_publisher.hpp:38[m[K,
                 from [01m[K/opt/ros/jazzy/include/image_transport/image_transport/image_transport.hpp:39[m[K,
                 from [01m[K/home/jcfurey/wvs_ws/src/web_video_server/include/web_video_server/subscribers/image_transport_subscriber.hpp:5[m[K:
[01m[K/opt/ros/jazzy/include/sensor_msgs/sensor_msgs/msg/detail/image__struct.hpp:176:5:[m[K [01;36m[Knote: [m[Kdeclared here
  176 |     [01;36m[KConstPtr[m[K;
      |     [01;36m[K^~~~~~~~[m[K
[01m[K/home/jcfurey/wvs_ws/src/web_video_server/include/web_video_server/subscribers/ros_subscriber.hpp:30:87:[m[K [01;35m[Kwarning: [m[K‘[01m[Ksensor_msgs::msg::Image_<std::allocator<void> >::ConstPtr[m[K’ is deprecated [[01;35m[K-Wdeprecated-declarations[m[K]
   30 |     virtual void subscriberCallback(const sensor_msgs::msg::Image::ConstPtr &input_msg[01;35m[K)[m[K;
      |                                                                                       [01;35m[K^[m[K
[01m[K/opt/ros/jazzy/include/sensor_msgs/sensor_msgs/msg/detail/image__struct.hpp:176:5:[m[K [01;36m[Knote: [m[Kdeclared here
  176 |     [01;36m[KConstPtr[m[K;
      |     [01;36m[K^~~~~~~~[m[K
[01m[K/home/jcfurey/wvs_ws/src/web_video_server/include/web_video_server/subscribers/image_transport_subscriber.hpp:24:79:[m[K [01;35m[Kwarning: [m[K‘[01m[Ksensor_msgs::msg::Image_<std::allocator<void> >::ConstPtr[m[K’ is deprecated [[01;35m[K-Wdeprecated-declarations[m[K]
   24 |     void subscriberCallback(const sensor_msgs::msg::Image::ConstPtr &input_msg[01;35m[K)[m[K;
      |                                                                               [01;35m[K^[m[K
[01m[K/opt/ros/jazzy/include/sensor_msgs/sensor_msgs/msg/detail/image__struct.hpp:176:5:[m[K [01;36m[Knote: [m[Kdeclared here
  176 |     [01;36m[KConstPtr[m[K;
      |     [01;36m[K^~~~~~~~[m[K
[01m[K/home/jcfurey/wvs_ws/src/web_video_server/src/subscribers/image_transport_subscriber.cpp:44:101:[m[K [01;35m[Kwarning: [m[K‘[01m[Ksensor_msgs::msg::Image_<std::allocator<void> >::ConstPtr[m[K’ is deprecated [[01;35m[K-Wdeprecated-declarations[m[K]
   44 | void ImageTransportSubscriber::subscriberCallback(const sensor_msgs::msg::Image::ConstPtr &input_msg[01;35m[K)[m[K
      |                                                                                                     [01;35m[K^[m[K
[01m[K/opt/ros/jazzy/include/sensor_msgs/sensor_msgs/msg/detail/image__struct.hpp:176:5:[m[K [01;36m[Knote: [m[Kdeclared here
  176 |     [01;36m[KConstPtr[m[K;
      |     [01;36m[K^~~~~~~~[m[K
In file included from [01m[K/home/jcfurey/wvs_ws/src/web_video_server/include/web_video_server/subscribers/pointcloud2_subscriber.hpp:18[m[K,
                 from [01m[K/home/jcfurey/wvs_ws/src/web_video_server/include/web_video_server/image_streamer.hpp:44[m[K,
                 from [01m[K/home/jcfurey/wvs_ws/src/web_video_server/include/web_video_server/libav_streamer.hpp:50[m[K,
                 from [01m[K/home/jcfurey/wvs_ws/src/web_video_server/include/web_video_server/vp8_streamer.hpp:37[m[K,
                 from [01m[K/home/jcfurey/wvs_ws/src/web_video_server/src/vp8_streamer.cpp:31[m[K:
[01m[K/home/jcfurey/wvs_ws/src/web_video_server/include/web_video_server/subscribers/ros_subscriber.hpp:16:70:[m[K [01;35m[Kwarning: [m[K‘[01m[Ksensor_msgs::msg::Image_<std::allocator<void> >::ConstPtr[m[K’ is deprecated [[01;35m[K-Wdeprecated-declarations[m[K]
   16 |   typedef std::function<void(const sensor_msgs::msg::Image::ConstPtr&[01;35m[K)[m[K> ImageCallback;
      |                                                                      [01;35m[K^[m[K
In file included from [01m[K/opt/ros/jazzy/include/sensor_msgs/sensor_msgs/msg/image.hpp:7[m[K,
                 from [01m[K/opt/ros/jazzy/include/image_transport/image_transport/camera_publisher.hpp:38[m[K,
                 from [01m[K/opt/ros/jazzy/include/image_transport/image_transport/image_transport.hpp:39[m[K,
                 from [01m[K/home/jcfurey/wvs_ws/src/web_video_server/include/web_video_server/vp8_streamer.hpp:36[m[K:
[01m[K/opt/ros/jazzy/include/sensor_msgs/sensor_msgs/msg/detail/image__struct.hpp:176:5:[m[K [01;36m[Knote: [m[Kdeclared here
  176 |     [01;36m[KConstPtr[m[K;
      |     [01;36m[K^~~~~~~~[m[K
[01m[K/home/jcfurey/wvs_ws/src/web_video_server/include/web_video_server/subscribers/ros_subscriber.hpp:30:87:[m[K [01;35m[Kwarning: [m[K‘[01m[Ksensor_msgs::msg::Image_<std::allocator<void> >::ConstPtr[m[K’ is deprecated [[01;35m[K-Wdeprecated-declarations[m[K]
   30 |     virtual void subscriberCallback(const sensor_msgs::msg::Image::ConstPtr &input_msg[01;35m[K)[m[K;
      |                                                                                       [01;35m[K^[m[K
[01m[K/opt/ros/jazzy/include/sensor_msgs/sensor_msgs/msg/detail/image__struct.hpp:176:5:[m[K [01;36m[Knote: [m[Kdeclared here
  176 |     [01;36m[KConstPtr[m[K;
      |     [01;36m[K^~~~~~~~[m[K
[01m[K/home/jcfurey/wvs_ws/src/web_video_server/include/web_video_server/subscribers/pointcloud2_subscriber.hpp:34:85:[m[K [01;35m[Kwarning: [m[K‘[01m[Ksensor_msgs::msg::PointCloud2_<std::allocator<void> >::ConstPtr[m[K’ is deprecated [[01;35m[K-Wdeprecated-declarations[m[K]
   34 |     void subscriberCallback(const sensor_msgs::msg::PointCloud2::ConstPtr &input_msg[01;35m[K)[m[K;
      |                                                                                     [01;35m[K^[m[K
In file included from [01m[K/opt/ros/jazzy/include/sensor_msgs/sensor_msgs/msg/point_cloud2.hpp:7[m[K,
                 from [01m[K/home/jcfurey/wvs_ws/src/web_video_server/include/web_video_server/subscribers/pointcloud2_subscriber.hpp:7[m[K:
[01m[K/opt/ros/jazzy/include/sensor_msgs/sensor_msgs/msg/detail/point_cloud2__struct.hpp:197:5:[m[K [01;36m[Knote: [m[Kdeclared here
  197 |     [01;36m[KConstPtr[m[K;
      |     [01;36m[K^~~~~~~~[m[K
In file included from [01m[K/home/jcfurey/wvs_ws/src/web_video_server/include/web_video_server/image_streamer.hpp:45[m[K:
[01m[K/home/jcfurey/wvs_ws/src/web_video_server/include/web_video_server/subscribers/image_transport_subscriber.hpp:24:79:[m[K [01;35m[Kwarning: [m[K‘[01m[Ksensor_msgs::msg::Image_<std::allocator<void> >::ConstPtr[m[K’ is deprecated [[01;35m[K-Wdeprecated-declarations[m[K]
   24 |     void subscriberCallback(const sensor_msgs::msg::Image::ConstPtr &input_msg[01;35m[K)[m[K;
      |                                                                               [01;35m[K^[m[K
[01m[K/opt/ros/jazzy/include/sensor_msgs/sensor_msgs/msg/detail/image__struct.hpp:176:5:[m[K [01;36m[Knote: [m[Kdeclared here
  176 |     [01;36m[KConstPtr[m[K;
      |     [01;36m[K^~~~~~~~[m[K
In file included from [01m[K/home/jcfurey/wvs_ws/src/web_video_server/include/web_video_server/subscribers/pointcloud2_subscriber.hpp:18[m[K,
                 from [01m[K/home/jcfurey/wvs_ws/src/web_video_server/include/web_video_server/image_streamer.hpp:44[m[K,
                 from [01m[K/home/jcfurey/wvs_ws/src/web_video_server/include/web_video_server/libav_streamer.hpp:50[m[K,
                 from [01m[K/home/jcfurey/wvs_ws/src/web_video_server/src/libav_streamer.cpp:31[m[K:
[01m[K/home/jcfurey/wvs_ws/src/web_video_server/include/web_video_server/subscribers/ros_subscriber.hpp:16:70:[m[K [01;35m[Kwarning: [m[K‘[01m[Ksensor_msgs::msg::Image_<std::allocator<void> >::ConstPtr[m[K’ is deprecated [[01;35m[K-Wdeprecated-declarations[m[K]
   16 |   typedef std::function<void(const sensor_msgs::msg::Image::ConstPtr&[01;35m[K)[m[K> ImageCallback;
      |                                                                      [01;35m[K^[m[K
In file included from [01m[K/opt/ros/jazzy/include/sensor_msgs/sensor_msgs/msg/image.hpp:7[m[K,
                 from [01m[K/opt/ros/jazzy/include/image_transport/image_transport/camera_publisher.hpp:38[m[K,
                 from [01m[K/opt/ros/jazzy/include/image_transport/image_transport/image_transport.hpp:39[m[K,
                 from [01m[K/home/jcfurey/wvs_ws/src/web_video_server/include/web_video_server/libav_streamer.hpp:49[m[K:
[01m[K/opt/ros/jazzy/include/sensor_msgs/sensor_msgs/msg/detail/image__struct.hpp:176:5:[m[K [01;36m[Knote: [m[Kdeclared here
  176 |     [01;36m[KConstPtr[m[K;
      |     [01;36m[K^~~~~~~~[m[K
[01m[K/home/jcfurey/wvs_ws/src/web_video_server/include/web_video_server/subscribers/ros_subscriber.hpp:30:87:[m[K [01;35m[Kwarning: [m[K‘[01m[Ksensor_msgs::msg::Image_<std::allocator<void> >::ConstPtr[m[K’ is deprecated [[01;35m[K-Wdeprecated-declarations[m[K]
   30 |     virtual void subscriberCallback(const sensor_msgs::msg::Image::ConstPtr &input_msg[01;35m[K)[m[K;
      |                                                                                       [01;35m[K^[m[K
[01m[K/opt/ros/jazzy/include/sensor_msgs/sensor_msgs/msg/detail/image__struct.hpp:176:5:[m[K [01;36m[Knote: [m[Kdeclared here
  176 |     [01;36m[KConstPtr[m[K;
      |     [01;36m[K^~~~~~~~[m[K
[01m[K/home/jcfurey/wvs_ws/src/web_video_server/include/web_video_server/subscribers/pointcloud2_subscriber.hpp:34:85:[m[K [01;35m[Kwarning: [m[K‘[01m[Ksensor_msgs::msg::PointCloud2_<std::allocator<void> >::ConstPtr[m[K’ is deprecated [[01;35m[K-Wdeprecated-declarations[m[K]
   34 |     void subscriberCallback(const sensor_msgs::msg::PointCloud2::ConstPtr &input_msg[01;35m[K)[m[K;
      |                                                                                     [01;35m[K^[m[K
In file included from [01m[K/opt/ros/jazzy/include/sensor_msgs/sensor_msgs/msg/point_cloud2.hpp:7[m[K,
                 from [01m[K/home/jcfurey/wvs_ws/src/web_video_server/include/web_video_server/subscribers/pointcloud2_subscriber.hpp:7[m[K:
[01m[K/opt/ros/jazzy/include/sensor_msgs/sensor_msgs/msg/detail/point_cloud2__struct.hpp:197:5:[m[K [01;36m[Knote: [m[Kdeclared here
  197 |     [01;36m[KConstPtr[m[K;
      |     [01;36m[K^~~~~~~~[m[K
In file included from [01m[K/home/jcfurey/wvs_ws/src/web_video_server/include/web_video_server/image_streamer.hpp:45[m[K:
[01m[K/home/jcfurey/wvs_ws/src/web_video_server/include/web_video_server/subscribers/image_transport_subscriber.hpp:24:79:[m[K [01;35m[Kwarning: [m[K‘[01m[Ksensor_msgs::msg::Image_<std::allocator<void> >::ConstPtr[m[K’ is deprecated [[01;35m[K-Wdeprecated-declarations[m[K]
   24 |     void subscriberCallback(const sensor_msgs::msg::Image::ConstPtr &input_msg[01;35m[K)[m[K;
      |                                                                               [01;35m[K^[m[K
[01m[K/opt/ros/jazzy/include/sensor_msgs/sensor_msgs/msg/detail/image__struct.hpp:176:5:[m[K [01;36m[Knote: [m[Kdeclared here
  176 |     [01;36m[KConstPtr[m[K;
      |     [01;36m[K^~~~~~~~[m[K
In file included from [01m[K/home/jcfurey/wvs_ws/src/web_video_server/include/web_video_server/subscribers/pointcloud2_subscriber.hpp:18[m[K,
                 from [01m[K/home/jcfurey/wvs_ws/src/web_video_server/include/web_video_server/image_streamer.hpp:44[m[K,
                 from [01m[K/home/jcfurey/wvs_ws/src/web_video_server/include/web_video_server/jpeg_streamers.hpp:37[m[K,
                 from [01m[K/home/jcfurey/wvs_ws/src/web_video_server/src/jpeg_streamers.cpp:31[m[K:
[01m[K/home/jcfurey/wvs_ws/src/web_video_server/include/web_video_server/subscribers/ros_subscriber.hpp:16:70:[m[K [01;35m[Kwarning: [m[K‘[01m[Ksensor_msgs::msg::Image_<std::allocator<void> >::ConstPtr[m[K’ is deprecated [[01;35m[K-Wdeprecated-declarations[m[K]
   16 |   typedef std::function<void(const sensor_msgs::msg::Image::ConstPtr&[01;35m[K)[m[K> ImageCallback;
      |                                                                      [01;35m[K^[m[K
In file included from [01m[K/opt/ros/jazzy/include/sensor_msgs/sensor_msgs/msg/image.hpp:7[m[K,
                 from [01m[K/opt/ros/jazzy/include/image_transport/image_transport/camera_publisher.hpp:38[m[K,
                 from [01m[K/opt/ros/jazzy/include/image_transport/image_transport/image_transport.hpp:39[m[K,
                 from [01m[K/home/jcfurey/wvs_ws/src/web_video_server/include/web_video_server/jpeg_streamers.hpp:36[m[K:
[01m[K/opt/ros/jazzy/include/sensor_msgs/sensor_msgs/msg/detail/image__struct.hpp:176:5:[m[K [01;36m[Knote: [m[Kdeclared here
  176 |     [01;36m[KConstPtr[m[K;
      |     [01;36m[K^~~~~~~~[m[K
[01m[K/home/jcfurey/wvs_ws/src/web_video_server/include/web_video_server/subscribers/ros_subscriber.hpp:30:87:[m[K [01;35m[Kwarning: [m[K‘[01m[Ksensor_msgs::msg::Image_<std::allocator<void> >::ConstPtr[m[K’ is deprecated [[01;35m[K-Wdeprecated-declarations[m[K]
   30 |     virtual void subscriberCallback(const sensor_msgs::msg::Image::ConstPtr &input_msg[01;35m[K)[m[K;
      |                                                                                       [01;35m[K^[m[K
[01m[K/opt/ros/jazzy/include/sensor_msgs/sensor_msgs/msg/detail/image__struct.hpp:176:5:[m[K [01;36m[Knote: [m[Kdeclared here
  176 |     [01;36m[KConstPtr[m[K;
      |     [01;36m[K^~~~~~~~[m[K
[01m[K/home/jcfurey/wvs_ws/src/web_video_server/include/web_video_server/subscribers/pointcloud2_subscriber.hpp:34:85:[m[K [01;35m[Kwarning: [m[K‘[01m[Ksensor_msgs::msg::PointCloud2_<std::allocator<void> >::ConstPtr[m[K’ is deprecated [[01;35m[K-Wdeprecated-declarations[m[K]
   34 |     void subscriberCallback(const sensor_msgs::msg::PointCloud2::ConstPtr &input_msg[01;35m[K)[m[K;
      |                                                                                     [01;35m[K^[m[K
In file included from [01m[K/opt/ros/jazzy/include/sensor_msgs/sensor_msgs/msg/point_cloud2.hpp:7[m[K,
                 from [01m[K/home/jcfurey/wvs_ws/src/web_video_server/include/web_video_server/subscribers/pointcloud2_subscriber.hpp:7[m[K:
[01m[K/opt/ros/jazzy/include/sensor_msgs/sensor_msgs/msg/detail/point_cloud2__struct.hpp:197:5:[m[K [01;36m[Knote: [m[Kdeclared here
  197 |     [01;36m[KConstPtr[m[K;
      |     [01;36m[K^~~~~~~~[m[K
In file included from [01m[K/home/jcfurey/wvs_ws/src/web_video_server/include/web_video_server/image_streamer.hpp:45[m[K:
[01m[K/home/jcfurey/wvs_ws/src/web_video_server/include/web_video_server/subscribers/image_transport_subscriber.hpp:24:79:[m[K [01;35m[Kwarning: [m[K‘[01m[Ksensor_msgs::msg::Image_<std::allocator<void> >::ConstPtr[m[K’ is deprecated [[01;35m[K-Wdeprecated-declarations[m[K]
   24 |     void subscriberCallback(const sensor_msgs::msg::Image::ConstPtr &input_msg[01;35m[K)[m[K;
      |                                                                               [01;35m[K^[m[K
[01m[K/opt/ros/jazzy/include/sensor_msgs/sensor_msgs/msg/detail/image__struct.hpp:176:5:[m[K [01;36m[Knote: [m[Kdeclared here
  176 |     [01;36m[KConstPtr[m[K;
      |     [01;36m[K^~~~~~~~[m[K
In file included from [01m[K/home/jcfurey/wvs_ws/src/web_video_server/include/web_video_server/subscribers/pointcloud2_subscriber.hpp:18[m[K,
                 from [01m[K/home/jcfurey/wvs_ws/src/web_video_server/include/web_video_server/image_streamer.hpp:44[m[K,
                 from [01m[K/home/jcfurey/wvs_ws/src/web_video_server/include/web_video_server/web_video_server.hpp:45[m[K,
                 from [01m[K/home/jcfurey/wvs_ws/src/web_video_server/src/web_video_server.cpp:31[m[K:
[01m[K/home/jcfurey/wvs_ws/src/web_video_server/include/web_video_server/subscribers/ros_subscriber.hpp:16:70:[m[K [01;35m[Kwarning: [m[K‘[01m[Ksensor_msgs::msg::Image_<std::allocator<void> >::ConstPtr[m[K’ is deprecated [[01;35m[K-Wdeprecated-declarations[m[K]
   16 |   typedef std::function<void(const sensor_msgs::msg::Image::ConstPtr&[01;35m[K)[m[K> ImageCallback;
      |                                                                      [01;35m[K^[m[K
In file included from [01m[K/opt/ros/jazzy/include/sensor_msgs/sensor_msgs/msg/image.hpp:7[m[K,
                 from [01m[K/opt/ros/jazzy/include/cv_bridge/cv_bridge/cv_bridge.hpp:40[m[K,
                 from [01m[K/home/jcfurey/wvs_ws/src/web_video_server/include/web_video_server/web_video_server.hpp:41[m[K:
[01m[K/opt/ros/jazzy/include/sensor_msgs/sensor_msgs/msg/detail/image__struct.hpp:176:5:[m[K [01;36m[Knote: [m[Kdeclared here
  176 |     [01;36m[KConstPtr[m[K;
      |     [01;36m[K^~~~~~~~[m[K
[01m[K/home/jcfurey/wvs_ws/src/web_video_server/include/web_video_server/subscribers/ros_subscriber.hpp:30:87:[m[K [01;35m[Kwarning: [m[K‘[01m[Ksensor_msgs::msg::Image_<std::allocator<void> >::ConstPtr[m[K’ is deprecated [[01;35m[K-Wdeprecated-declarations[m[K]
   30 |     virtual void subscriberCallback(const sensor_msgs::msg::Image::ConstPtr &input_msg[01;35m[K)[m[K;
      |                                                                                       [01;35m[K^[m[K
[01m[K/opt/ros/jazzy/include/sensor_msgs/sensor_msgs/msg/detail/image__struct.hpp:176:5:[m[K [01;36m[Knote: [m[Kdeclared here
  176 |     [01;36m[KConstPtr[m[K;
      |     [01;36m[K^~~~~~~~[m[K
[01m[K/home/jcfurey/wvs_ws/src/web_video_server/include/web_video_server/subscribers/pointcloud2_subscriber.hpp:34:85:[m[K [01;35m[Kwarning: [m[K‘[01m[Ksensor_msgs::msg::PointCloud2_<std::allocator<void> >::ConstPtr[m[K’ is deprecated [[01;35m[K-Wdeprecated-declarations[m[K]
   34 |     void subscriberCallback(const sensor_msgs::msg::PointCloud2::ConstPtr &input_msg[01;35m[K)[m[K;
      |                                                                                     [01;35m[K^[m[K
In file included from [01m[K/opt/ros/jazzy/include/sensor_msgs/sensor_msgs/msg/point_cloud2.hpp:7[m[K,
                 from [01m[K/home/jcfurey/wvs_ws/src/web_video_server/include/web_video_server/subscribers/pointcloud2_subscriber.hpp:7[m[K:
[01m[K/opt/ros/jazzy/include/sensor_msgs/sensor_msgs/msg/detail/point_cloud2__struct.hpp:197:5:[m[K [01;36m[Knote: [m[Kdeclared here
  197 |     [01;36m[KConstPtr[m[K;
      |     [01;36m[K^~~~~~~~[m[K
[01m[K/home/jcfurey/wvs_ws/src/web_video_server/include/web_video_server/subscribers/ros_subscriber.hpp:30:18:[m[K [01;35m[Kwarning: [m[K‘[01m[Kvirtual void web_video_server::RosSubscriber::[01;32m[KsubscriberCallback[m[K(const sensor_msgs::msg::Image_<std::allocator<void> >::ConstPtr&)[m[K’ was hidden [[01;35m[K-Woverloaded-virtual=[m[K]
   30 |     virtual void [01;35m[KsubscriberCallback[m[K(const sensor_msgs::msg::Image::ConstPtr &input_msg);
      |                  [01;35m[K^~~~~~~~~~~~~~~~~~[m[K
[01m[K/home/jcfurey/wvs_ws/src/web_video_server/include/web_video_server/subscribers/pointcloud2_subscriber.hpp:34:10:[m[K [01;36m[Knote: [m[K  by ‘[01m[Kvoid web_video_server::PointCloud2Subscriber::[01;32m[KsubscriberCallback[m[K(const sensor_msgs::msg::PointCloud2_<std::allocator<void> >::ConstPtr&)[m[K’
   34 |     void [01;36m[KsubscriberCallback[m[K(const sensor_msgs::msg::PointCloud2::ConstPtr &input_msg);
      |          [01;36m[K^~~~~~~~~~~~~~~~~~[m[K
In file included from [01m[K/home/jcfurey/wvs_ws/src/web_video_server/include/web_video_server/image_streamer.hpp:45[m[K:
[01m[K/home/jcfurey/wvs_ws/src/web_video_server/include/web_video_server/subscribers/image_transport_subscriber.hpp:24:79:[m[K [01;35m[Kwarning: [m[K‘[01m[Ksensor_msgs::msg::Image_<std::allocator<void> >::ConstPtr[m[K’ is deprecated [[01;35m[K-Wdeprecated-declarations[m[K]
   24 |     void subscriberCallback(const sensor_msgs::msg::Image::ConstPtr &input_msg[01;35m[K)[m[K;
      |                                                                               [01;35m[K^[m[K
[01m[K/opt/ros/jazzy/include/sensor_msgs/sensor_msgs/msg/detail/image__struct.hpp:176:5:[m[K [01;36m[Knote: [m[Kdeclared here
  176 |     [01;36m[KConstPtr[m[K;
      |     [01;36m[K^~~~~~~~[m[K
In file included from [01m[K/home/jcfurey/wvs_ws/src/web_video_server/include/web_video_server/web_video_server.hpp:46[m[K:
[01m[K/home/jcfurey/wvs_ws/src/web_video_server/include/web_video_server/rtsp_streamer.hpp:106:67:[m[K [01;35m[Kwarning: [m[K‘[01m[Ksensor_msgs::msg::Image_<std::allocator<void> >::ConstPtr[m[K’ is deprecated [[01;35m[K-Wdeprecated-declarations[m[K]
  106 |   void imageCallback(const sensor_msgs::msg::Image::ConstPtr & msg[01;35m[K)[m[K;
      |                                                                   [01;35m[K^[m[K
[01m[K/opt/ros/jazzy/include/sensor_msgs/sensor_msgs/msg/detail/image__struct.hpp:176:5:[m[K [01;36m[Knote: [m[Kdeclared here
  176 |     [01;36m[KConstPtr[m[K;
      |     [01;36m[K^~~~~~~~[m[K
In file included from [01m[K/home/jcfurey/wvs_ws/src/web_video_server/include/web_video_server/subscribers/pointcloud2_subscriber.hpp:18[m[K,
                 from [01m[K/home/jcfurey/wvs_ws/src/web_video_server/include/web_video_server/image_streamer.hpp:44[m[K,
                 from [01m[K/home/jcfurey/wvs_ws/src/web_video_server/include/web_video_server/png_streamers.hpp:36[m[K,
                 from [01m[K/home/jcfurey/wvs_ws/src/web_video_server/src/png_streamers.cpp:30[m[K:
[01m[K/home/jcfurey/wvs_ws/src/web_video_server/include/web_video_server/subscribers/ros_subscriber.hpp:16:70:[m[K [01;35m[Kwarning: [m[K‘[01m[Ksensor_msgs::msg::Image_<std::allocator<void> >::ConstPtr[m[K’ is deprecated [[01;35m[K-Wdeprecated-declarations[m[K]
   16 |   typedef std::function<void(const sensor_msgs::msg::Image::ConstPtr&[01;35m[K)[m[K> ImageCallback;
      |                                                                      [01;35m[K^[m[K
In file included from [01m[K/opt/ros/jazzy/include/sensor_msgs/sensor_msgs/msg/image.hpp:7[m[K,
                 from [01m[K/opt/ros/jazzy/include/image_transport/image_transport/camera_publisher.hpp:38[m[K,
                 from [01m[K/opt/ros/jazzy/include/image_transport/image_transport/image_transport.hpp:39[m[K,
                 from [01m[K/home/jcfurey/wvs_ws/src/web_video_server/include/web_video_server/png_streamers.hpp:35[m[K:
[01m[K/opt/ros/jazzy/include/sensor_msgs/sensor_msgs/msg/detail/image__struct.hpp:176:5:[m[K [01;36m[Knote: [m[Kdeclared here
  176 |     [01;36m[KConstPtr[m[K;
      |     [01;36m[K^~~~~~~~[m[K
[01m[K/home/jcfurey/wvs_ws/src/web_video_server/include/web_video_server/subscribers/ros_subscriber.hpp:30:87:[m[K [01;35m[Kwarning: [m[K‘[01m[Ksensor_msgs::msg::Image_<std::allocator<void> >::ConstPtr[m[K’ is deprecated [[01;35m[K-Wdeprecated-declarations[m[K]
   30 |     virtual void subscriberCallback(const sensor_msgs::msg::Image::ConstPtr &input_msg[01;35m[K)[m[K;
      |                                                                                       [01;35m[K^[m[K
[01m[K/opt/ros/jazzy/include/sensor_msgs/sensor_msgs/msg/detail/image__struct.hpp:176:5:[m[K [01;36m[Knote: [m[Kdeclared here
  176 |     [01;36m[KConstPtr[m[K;
      |     [01;36m[K^~~~~~~~[m[K
[01m[K/home/jcfurey/wvs_ws/src/web_video_server/include/web_video_server/subscribers/pointcloud2_subscriber.hpp:34:85:[m[K [01;35m[Kwarning: [m[K‘[01m[Ksensor_msgs::msg::PointCloud2_<std::allocator<void> >::ConstPtr[m[K’ is deprecated [[01;35m[K-Wdeprecated-declarations[m[K]
   34 |     void subscriberCallback(const sensor_msgs::msg::PointCloud2::ConstPtr &input_msg[01;35m[K)[m[K;
      |                                                                                     [01;35m[K^[m[K
In file included from [01m[K/opt/ros/jazzy/include/sensor_msgs/sensor_msgs/msg/point_cloud2.hpp:7[m[K,
                 from [01m[K/home/jcfurey/wvs_ws/src/web_video_server/include/web_video_server/subscribers/pointcloud2_subscriber.hpp:7[m[K:
[01m[K/opt/ros/jazzy/include/sensor_msgs/sensor_msgs/msg/detail/point_cloud2__struct.hpp:197:5:[m[K [01;36m[Knote: [m[Kdeclared here
  197 |     [01;36m[KConstPtr[m[K;
      |     [01;36m[K^~~~~~~~[m[K
In file included from [01m[K/home/jcfurey/wvs_ws/src/web_video_server/include/web_video_server/image_streamer.hpp:45[m[K:
[01m[K/home/jcfurey/wvs_ws/src/web_video_server/include/web_video_server/subscribers/image_transport_subscriber.hpp:24:79:[m[K [01;35m[Kwarning: [m[K‘[01m[Ksensor_msgs::msg::Image_<std::allocator<void> >::ConstPtr[m[K’ is deprecated [[01;35m[K-Wdeprecated-declarations[m[K]
   24 |     void subscriberCallback(const sensor_msgs::msg::Image::ConstPtr &input_msg[01;35m[K)[m[K;
      |                                                                               [01;35m[K^[m[K
[01m[K/opt/ros/jazzy/include/sensor_msgs/sensor_msgs/msg/detail/image__struct.hpp:176:5:[m[K [01;36m[Knote: [m[Kdeclared here
  176 |     [01;36m[KConstPtr[m[K;
      |     [01;36m[K^~~~~~~~[m[K
In file included from [01m[K/home/jcfurey/wvs_ws/src/web_video_server/include/web_video_server/subscribers/pointcloud2_subscriber.hpp:18[m[K,
                 from [01m[K/home/jcfurey/wvs_ws/src/web_video_server/include/web_video_server/image_streamer.hpp:44[m[K,
                 from [01m[K/home/jcfurey/wvs_ws/src/web_video_server/src/image_streamer.cpp:31[m[K:
[01m[K/home/jcfurey/wvs_ws/src/web_video_server/include/web_video_server/subscribers/ros_subscriber.hpp:16:70:[m[K [01;35m[Kwarning: [m[K‘[01m[Ksensor_msgs::msg::Image_<std::allocator<void> >::ConstPtr[m[K’ is deprecated [[01;35m[K-Wdeprecated-declarations[m[K]
   16 |   typedef std::function<void(const sensor_msgs::msg::Image::ConstPtr&[01;35m[K)[m[K> ImageCallback;
      |                                                                      [01;35m[K^[m[K
In file included from [01m[K/opt/ros/jazzy/include/sensor_msgs/sensor_msgs/msg/image.hpp:7[m[K,
                 from [01m[K/home/jcfurey/wvs_ws/src/web_video_server/include/web_video_server/subscribers/pointcloud2_subscriber.hpp:5[m[K:
[01m[K/opt/ros/jazzy/include/sensor_msgs/sensor_msgs/msg/detail/image__struct.hpp:176:5:[m[K [01;36m[Knote: [m[Kdeclared here
  176 |     [01;36m[KConstPtr[m[K;
      |     [01;36m[K^~~~~~~~[m[K
[01m[K/home/jcfurey/wvs_ws/src/web_video_server/include/web_video_server/subscribers/ros_subscriber.hpp:30:87:[m[K [01;35m[Kwarning: [m[K‘[01m[Ksensor_msgs::msg::Image_<std::allocator<void> >::ConstPtr[m[K’ is deprecated [[01;35m[K-Wdeprecated-declarations[m[K]
   30 |     virtual void subscriberCallback(const sensor_msgs::msg::Image::ConstPtr &input_msg[01;35m[K)[m[K;
      |                                                                                       [01;35m[K^[m[K
[01m[K/opt/ros/jazzy/include/sensor_msgs/sensor_msgs/msg/detail/image__struct.hpp:176:5:[m[K [01;36m[Knote: [m[Kdeclared here
  176 |     [01;36m[KConstPtr[m[K;
      |     [01;36m[K^~~~~~~~[m[K
[01m[K/home/jcfurey/wvs_ws/src/web_video_server/include/web_video_server/subscribers/pointcloud2_subscriber.hpp:34:85:[m[K [01;35m[Kwarning: [m[K‘[01m[Ksensor_msgs::msg::PointCloud2_<std::allocator<void> >::ConstPtr[m[K’ is deprecated [[01;35m[K-Wdeprecated-declarations[m[K]
   34 |     void subscriberCallback(const sensor_msgs::msg::PointCloud2::ConstPtr &input_msg[01;35m[K)[m[K;
      |                                                                                     [01;35m[K^[m[K
In file included from [01m[K/opt/ros/jazzy/include/sensor_msgs/sensor_msgs/msg/point_cloud2.hpp:7[m[K,
                 from [01m[K/home/jcfurey/wvs_ws/src/web_video_server/include/web_video_server/subscribers/pointcloud2_subscriber.hpp:7[m[K:
[01m[K/opt/ros/jazzy/include/sensor_msgs/sensor_msgs/msg/detail/point_cloud2__struct.hpp:197:5:[m[K [01;36m[Knote: [m[Kdeclared here
  197 |     [01;36m[KConstPtr[m[K;
      |     [01;36m[K^~~~~~~~[m[K
[01m[K/home/jcfurey/wvs_ws/src/web_video_server/include/web_video_server/subscribers/ros_subscriber.hpp:30:18:[m[K [01;35m[Kwarning: [m[K‘[01m[Kvirtual void web_video_server::RosSubscriber::[01;32m[KsubscriberCallback[m[K(const sensor_msgs::msg::Image_<std::allocator<void> >::ConstPtr&)[m[K’ was hidden [[01;35m[K-Woverloaded-virtual=[m[K]
   30 |     virtual void [01;35m[KsubscriberCallback[m[K(const sensor_msgs::msg::Image::ConstPtr &input_msg);
      |                  [01;35m[K^~~~~~~~~~~~~~~~~~[m[K
[01m[K/home/jcfurey/wvs_ws/src/web_video_server/include/web_video_server/subscribers/pointcloud2_subscriber.hpp:34:10:[m[K [01;36m[Knote: [m[K  by ‘[01m[Kvoid web_video_server::PointCloud2Subscriber::[01;32m[KsubscriberCallback[m[K(const sensor_msgs::msg::PointCloud2_<std::allocator<void> >::ConstPtr&)[m[K’
   34 |     void [01;36m[KsubscriberCallback[m[K(const sensor_msgs::msg::PointCloud2::ConstPtr &input_msg);
      |          [01;36m[K^~~~~~~~~~~~~~~~~~[m[K
In file included from [01m[K/home/jcfurey/wvs_ws/src/web_video_server/include/web_video_server/image_streamer.hpp:45[m[K:
[01m[K/home/jcfurey/wvs_ws/src/web_video_server/include/web_video_server/subscribers/image_transport_subscriber.hpp:24:79:[m[K [01;35m[Kwarning: [m[K‘[01m[Ksensor_msgs::msg::Image_<std::allocator<void> >::ConstPtr[m[K’ is deprecated [[01;35m[K-Wdeprecated-declarations[m[K]
   24 |     void subscriberCallback(const sensor_msgs::msg::Image::ConstPtr &input_msg[01;35m[K)[m[K;
      |                                                                               [01;35m[K^[m[K
[01m[K/opt/ros/jazzy/include/sensor_msgs/sensor_msgs/msg/detail/image__struct.hpp:176:5:[m[K [01;36m[Knote: [m[Kdeclared here
  176 |     [01;36m[KConstPtr[m[K;
      |     [01;36m[K^~~~~~~~[m[K
In file included from [01m[K/home/jcfurey/wvs_ws/src/web_video_server/include/web_video_server/subscribers/image_transport_subscriber.hpp:8[m[K,
                 from [01m[K/home/jcfurey/wvs_ws/src/web_video_server/include/web_video_server/rtsp_streamer.hpp:57[m[K,
                 from [01m[K/home/jcfurey/wvs_ws/src/web_video_server/src/rtsp_streamer.cpp:30[m[K:
[01m[K/home/jcfurey/wvs_ws/src/web_video_server/include/web_video_server/subscribers/ros_subscriber.hpp:16:70:[m[K [01;35m[Kwarning: [m[K‘[01m[Ksensor_msgs::msg::Image_<std::allocator<void> >::ConstPtr[m[K’ is deprecated [[01;35m[K-Wdeprecated-declarations[m[K]
   16 |   typedef std::function<void(const sensor_msgs::msg::Image::ConstPtr&[01;35m[K)[m[K> ImageCallback;
      |                                                                      [01;35m[K^[m[K
In file included from [01m[K/opt/ros/jazzy/include/sensor_msgs/sensor_msgs/msg/image.hpp:7[m[K,
                 from [01m[K/home/jcfurey/wvs_ws/src/web_video_server/include/web_video_server/rtsp_streamer.hpp:56[m[K:
[01m[K/opt/ros/jazzy/include/sensor_msgs/sensor_msgs/msg/detail/image__struct.hpp:176:5:[m[K [01;36m[Knote: [m[Kdeclared here
  176 |     [01;36m[KConstPtr[m[K;
      |     [01;36m[K^~~~~~~~[m[K
[01m[K/home/jcfurey/wvs_ws/src/web_video_server/include/web_video_server/subscribers/ros_subscriber.hpp:30:87:[m[K [01;35m[Kwarning: [m[K‘[01m[Ksensor_msgs::msg::Image_<std::allocator<void> >::ConstPtr[m[K’ is deprecated [[01;35m[K-Wdeprecated-declarations[m[K]
   30 |     virtual void subscriberCallback(const sensor_msgs::msg::Image::ConstPtr &input_msg[01;35m[K)[m[K;
      |                                                                                       [01;35m[K^[m[K
[01m[K/opt/ros/jazzy/include/sensor_msgs/sensor_msgs/msg/detail/image__struct.hpp:176:5:[m[K [01;36m[Knote: [m[Kdeclared here
  176 |     [01;36m[KConstPtr[m[K;
      |     [01;36m[K^~~~~~~~[m[K
[01m[K/home/jcfurey/wvs_ws/src/web_video_server/include/web_video_server/subscribers/image_transport_subscriber.hpp:24:79:[m[K [01;35m[Kwarning: [m[K‘[01m[Ksensor_msgs::msg::Image_<std::allocator<void> >::ConstPtr[m[K’ is deprecated [[01;35m[K-Wdeprecated-declarations[m[K]
   24 |     void subscriberCallback(const sensor_msgs::msg::Image::ConstPtr &input_msg[01;35m[K)[m[K;
      |                                                                               [01;35m[K^[m[K
[01m[K/opt/ros/jazzy/include/sensor_msgs/sensor_msgs/msg/detail/image__struct.hpp:176:5:[m[K [01;36m[Knote: [m[Kdeclared here
  176 |     [01;36m[KConstPtr[m[K;
      |     [01;36m[K^~~~~~~~[m[K
In file included from [01m[K/home/jcfurey/wvs_ws/src/web_video_server/include/web_video_server/rtsp_streamer.hpp:58[m[K:
[01m[K/home/jcfurey/wvs_ws/src/web_video_server/include/web_video_server/subscribers/pointcloud2_subscriber.hpp:34:85:[m[K [01;35m[Kwarning: [m[K‘[01m[Ksensor_msgs::msg::PointCloud2_<std::allocator<void> >::ConstPtr[m[K’ is deprecated [[01;35m[K-Wdeprecated-declarations[m[K]
   34 |     void subscriberCallback(const sensor_msgs::msg::PointCloud2::ConstPtr &input_msg[01;35m[K)[m[K;
      |                                                                                     [01;35m[K^[m[K
In file included from [01m[K/opt/ros/jazzy/include/sensor_msgs/sensor_msgs/msg/point_cloud2.hpp:7[m[K,
                 from [01m[K/home/jcfurey/wvs_ws/src/web_video_server/include/web_video_server/subscribers/pointcloud2_subscriber.hpp:7[m[K:
[01m[K/opt/ros/jazzy/include/sensor_msgs/sensor_msgs/msg/detail/point_cloud2__struct.hpp:197:5:[m[K [01;36m[Knote: [m[Kdeclared here
  197 |     [01;36m[KConstPtr[m[K;
      |     [01;36m[K^~~~~~~~[m[K
[01m[K/home/jcfurey/wvs_ws/src/web_video_server/include/web_video_server/rtsp_streamer.hpp:106:67:[m[K [01;35m[Kwarning: [m[K‘[01m[Ksensor_msgs::msg::Image_<std::allocator<void> >::ConstPtr[m[K’ is deprecated [[01;35m[K-Wdeprecated-declarations[m[K]
  106 |   void imageCallback(const sensor_msgs::msg::Image::ConstPtr & msg[01;35m[K)[m[K;
      |                                                                   [01;35m[K^[m[K
[01m[K/opt/ros/jazzy/include/sensor_msgs/sensor_msgs/msg/detail/image__struct.hpp:176:5:[m[K [01;36m[Knote: [m[Kdeclared here
  176 |     [01;36m[KConstPtr[m[K;
      |     [01;36m[K^~~~~~~~[m[K
[01m[K/home/jcfurey/wvs_ws/src/web_video_server/src/rtsp_streamer.cpp:[m[K In member function ‘[01m[Kvoid web_video_server::RTSPStreamer::[01;32m[KhandleOptions[m[K(int, const std::string&, const std::string&)[m[K’:
[01m[K/home/jcfurey/wvs_ws/src/web_video_server/src/rtsp_streamer.cpp:383:72:[m[K [01;35m[Kwarning: [m[Kunused parameter ‘[01m[Kuri[m[K’ [[01;35m[K-Wunused-parameter[m[K]
  383 | void RTSPStreamer::handleOptions(int client_socket, [01;35m[Kconst std::string& uri[m[K, const std::string& request)
      |                                                     [01;35m[K~~~~~~~~~~~~~~~~~~~^~~[m[K
[01m[K/home/jcfurey/wvs_ws/src/web_video_server/src/rtsp_streamer.cpp:[m[K In member function ‘[01m[Kvoid web_video_server::RTSPStreamer::[01;32m[KhandleDescribe[m[K(int, const std::string&, const std::string&)[m[K’:
[01m[K/home/jcfurey/wvs_ws/src/web_video_server/src/rtsp_streamer.cpp:407:73:[m[K [01;35m[Kwarning: [m[Kunused parameter ‘[01m[Kuri[m[K’ [[01;35m[K-Wunused-parameter[m[K]
  407 | void RTSPStreamer::handleDescribe(int client_socket, [01;35m[Kconst std::string& uri[m[K, const std::string& request)
      |                                                      [01;35m[K~~~~~~~~~~~~~~~~~~~^~~[m[K
[01m[K/home/jcfurey/wvs_ws/src/web_video_server/src/rtsp_streamer.cpp:[m[K At global scope:
[01m[K/home/jcfurey/wvs_ws/src/web_video_server/src/rtsp_streamer.cpp:582:79:[m[K [01;35m[Kwarning: [m[K‘[01m[Ksensor_msgs::msg::Image_<std::allocator<void> >::ConstPtr[m[K’ is deprecated [[01;35m[K-Wdeprecated-declarations[m[K]
  582 | void RTSPStreamer::imageCallback(const sensor_msgs::msg::Image::ConstPtr & msg[01;35m[K)[m[K
      |                                                                               [01;35m[K^[m[K
[01m[K/opt/ros/jazzy/include/sensor_msgs/sensor_msgs/msg/detail/image__struct.hpp:176:5:[m[K [01;36m[Knote: [m[Kdeclared here
  176 |     [01;36m[KConstPtr[m[K;
      |     [01;36m[K^~~~~~~~[m[K
In file included from [01m[K/home/jcfurey/wvs_ws/src/web_video_server/src/subscribers/ros_subscriber.cpp:1[m[K:
[01m[K/home/jcfurey/wvs_ws/src/web_video_server/include/web_video_server/subscribers/ros_subscriber.hpp:16:70:[m[K [01;35m[Kwarning: [m[K‘[01m[Ksensor_msgs::msg::Image_<std::allocator<void> >::ConstPtr[m[K’ is deprecated [[01;35m[K-Wdeprecated-declarations[m[K]
   16 |   typedef std::function<void(const sensor_msgs::msg::Image::ConstPtr&[01;35m[K)[m[K> ImageCallback;
      |                                                                      [01;35m[K^[m[K
In file included from [01m[K/opt/ros/jazzy/include/sensor_msgs/sensor_msgs/msg/image.hpp:7[m[K,
                 from [01m[K/home/jcfurey/wvs_ws/src/web_video_server/include/web_video_server/subscribers/ros_subscriber.hpp:8[m[K:
[01m[K/opt/ros/jazzy/include/sensor_msgs/sensor_msgs/msg/detail/image__struct.hpp:176:5:[m[K [01;36m[Knote: [m[Kdeclared here
  176 |     [01;36m[KConstPtr[m[K;
      |     [01;36m[K^~~~~~~~[m[K
[01m[K/home/jcfurey/wvs_ws/src/web_video_server/include/web_video_server/subscribers/ros_subscriber.hpp:30:87:[m[K [01;35m[Kwarning: [m[K‘[01m[Ksensor_msgs::msg::Image_<std::allocator<void> >::ConstPtr[m[K’ is deprecated [[01;35m[K-Wdeprecated-declarations[m[K]
   30 |     virtual void subscriberCallback(const sensor_msgs::msg::Image::ConstPtr &input_msg[01;35m[K)[m[K;
      |                                                                                       [01;35m[K^[m[K
[01m[K/opt/ros/jazzy/include/sensor_msgs/sensor_msgs/msg/detail/image__struct.hpp:176:5:[m[K [01;36m[Knote: [m[Kdeclared here
  176 |     [01;36m[KConstPtr[m[K;
      |     [01;36m[K^~~~~~~~[m[K
[01m[K/home/jcfurey/wvs_ws/src/web_video_server/src/subscribers/ros_subscriber.cpp:43:90:[m[K [01;35m[Kwarning: [m[K‘[01m[Ksensor_msgs::msg::Image_<std::allocator<void> >::ConstPtr[m[K’ is deprecated [[01;35m[K-Wdeprecated-declarations[m[K]
   43 | void RosSubscriber::subscriberCallback(const sensor_msgs::msg::Image::ConstPtr &input_msg[01;35m[K)[m[K
      |                                                                                          [01;35m[K^[m[K
[01m[K/opt/ros/jazzy/include/sensor_msgs/sensor_msgs/msg/detail/image__struct.hpp:176:5:[m[K [01;36m[Knote: [m[Kdeclared here
  176 |     [01;36m[KConstPtr[m[K;
      |     [01;36m[K^~~~~~~~[m[K
In file included from [01m[K/home/jcfurey/wvs_ws/src/web_video_server/include/web_video_server/subscribers/pointcloud2_subscriber.hpp:18[m[K,
                 from [01m[K/home/jcfurey/wvs_ws/src/web_video_server/include/web_video_server/image_streamer.hpp:44[m[K,
                 from [01m[K/home/jcfurey/wvs_ws/src/web_video_server/include/web_video_server/ros_compressed_streamer.hpp:37[m[K,
                 from [01m[K/home/jcfurey/wvs_ws/src/web_video_server/src/ros_compressed_streamer.cpp:31[m[K:
[01m[K/home/jcfurey/wvs_ws/src/web_video_server/include/web_video_server/subscribers/ros_subscriber.hpp:16:70:[m[K [01;35m[Kwarning: [m[K‘[01m[Ksensor_msgs::msg::Image_<std::allocator<void> >::ConstPtr[m[K’ is deprecated [[01;35m[K-Wdeprecated-declarations[m[K]
   16 |   typedef std::function<void(const sensor_msgs::msg::Image::ConstPtr&[01;35m[K)[m[K> ImageCallback;
      |                                                                      [01;35m[K^[m[K
In file included from [01m[K/opt/ros/jazzy/include/sensor_msgs/sensor_msgs/msg/image.hpp:7[m[K,
                 from [01m[K/home/jcfurey/wvs_ws/src/web_video_server/include/web_video_server/subscribers/pointcloud2_subscriber.hpp:5[m[K:
[01m[K/opt/ros/jazzy/include/sensor_msgs/sensor_msgs/msg/detail/image__struct.hpp:176:5:[m[K [01;36m[Knote: [m[Kdeclared here
  176 |     [01;36m[KConstPtr[m[K;
      |     [01;36m[K^~~~~~~~[m[K
[01m[K/home/jcfurey/wvs_ws/src/web_video_server/include/web_video_server/subscribers/ros_subscriber.hpp:30:87:[m[K [01;35m[Kwarning: [m[K‘[01m[Ksensor_msgs::msg::Image_<std::allocator<void> >::ConstPtr[m[K’ is deprecated [[01;35m[K-Wdeprecated-declarations[m[K]
   30 |     virtual void subscriberCallback(const sensor_msgs::msg::Image::ConstPtr &input_msg[01;35m[K)[m[K;
      |                                                                                       [01;35m[K^[m[K
[01m[K/opt/ros/jazzy/include/sensor_msgs/sensor_msgs/msg/detail/image__struct.hpp:176:5:[m[K [01;36m[Knote: [m[Kdeclared here
  176 |     [01;36m[KConstPtr[m[K;
      |     [01;36m[K^~~~~~~~[m[K
[01m[K/home/jcfurey/wvs_ws/src/web_video_server/include/web_video_server/subscribers/pointcloud2_subscriber.hpp:34:85:[m[K [01;35m[Kwarning: [m[K‘[01m[Ksensor_msgs::msg::PointCloud2_<std::allocator<void> >::ConstPtr[m[K’ is deprecated [[01;35m[K-Wdeprecated-declarations[m[K]
   34 |     void subscriberCallback(const sensor_msgs::msg::PointCloud2::ConstPtr &input_msg[01;35m[K)[m[K;
      |                                                                                     [01;35m[K^[m[K
In file included from [01m[K/opt/ros/jazzy/include/sensor_msgs/sensor_msgs/msg/point_cloud2.hpp:7[m[K,
                 from [01m[K/home/jcfurey/wvs_ws/src/web_video_server/include/web_video_server/subscribers/pointcloud2_subscriber.hpp:7[m[K:
[01m[K/opt/ros/jazzy/include/sensor_msgs/sensor_msgs/msg/detail/point_cloud2__struct.hpp:197:5:[m[K [01;36m[Knote: [m[Kdeclared here
  197 |     [01;36m[KConstPtr[m[K;
      |     [01;36m[K^~~~~~~~[m[K
[01m[K/home/jcfurey/wvs_ws/src/web_video_server/include/web_video_server/subscribers/ros_subscriber.hpp:30:18:[m[K [01;35m[Kwarning: [m[K‘[01m[Kvirtual void web_video_server::RosSubscriber::[01;32m[KsubscriberCallback[m[K(const sensor_msgs::msg::Image_<std::allocator<void> >::ConstPtr&)[m[K’ was hidden [[01;35m[K-Woverloaded-virtual=[m[K]
   30 |     virtual void [01;35m[KsubscriberCallback[m[K(const sensor_msgs::msg::Image::ConstPtr &input_msg);
      |                  [01;35m[K^~~~~~~~~~~~~~~~~~[m[K
[01m[K/home/jcfurey/wvs_ws/src/web_video_server/include/web_video_server/subscribers/pointcloud2_subscriber.hpp:34:10:[m[K [01;36m[Knote: [m[K  by ‘[01m[Kvoid web_video_server::PointCloud2Subscriber::[01;32m[KsubscriberCallback[m[K(const sensor_msgs::msg::PointCloud2_<std::allocator<void> >::ConstPtr&)[m[K’
   34 |     void [01;36m[KsubscriberCallback[m[K(const sensor_msgs::msg::PointCloud2::ConstPtr &input_msg);
      |          [01;36m[K^~~~~~~~~~~~~~~~~~[m[K
In file included from [01m[K/home/jcfurey/wvs_ws/src/web_video_server/include/web_video_server/image_streamer.hpp:45[m[K:
[01m[K/home/jcfurey/wvs_ws/src/web_video_server/include/web_video_server/subscribers/image_transport_subscriber.hpp:24:79:[m[K [01;35m[Kwarning: [m[K‘[01m[Ksensor_msgs::msg::Image_<std::allocator<void> >::ConstPtr[m[K’ is deprecated [[01;35m[K-Wdeprecated-declarations[m[K]
   24 |     void subscriberCallback(const sensor_msgs::msg::Image::ConstPtr &input_msg[01;35m[K)[m[K;
      |                                                                               [01;35m[K^[m[K
[01m[K/opt/ros/jazzy/include/sensor_msgs/sensor_msgs/msg/detail/image__struct.hpp:176:5:[m[K [01;36m[Knote: [m[Kdeclared here
  176 |     [01;36m[KConstPtr[m[K;
      |     [01;36m[K^~~~~~~~[m[K
[01m[K/home/jcfurey/wvs_ws/src/web_video_server/src/ros_compressed_streamer.cpp:[m[K In member function ‘[01m[Kvirtual void web_video_server::RosCompressedStreamer::[01;32m[KsendImage[m[K(const cv::Mat&, const std::chrono::_V2::steady_clock::time_point&)[m[K’:
[01m[K/home/jcfurey/wvs_ws/src/web_video_server/src/ros_compressed_streamer.cpp:90:55:[m[K [01;35m[Kwarning: [m[Kunused parameter ‘[01m[Kimg[m[K’ [[01;35m[K-Wunused-parameter[m[K]
   90 | void RosCompressedStreamer::sendImage([01;35m[Kconst cv::Mat & img[m[K, const std::chrono::steady_clock::time_point & time)
      |                                       [01;35m[K~~~~~~~~~~~~~~~~^~~[m[K
[01m[K/home/jcfurey/wvs_ws/src/web_video_server/src/ros_compressed_streamer.cpp:90:106:[m[K [01;35m[Kwarning: [m[Kunused parameter ‘[01m[Ktime[m[K’ [[01;35m[K-Wunused-parameter[m[K]
   90 | void RosCompressedStreamer::sendImage(const cv::Mat & img, [01;35m[Kconst std::chrono::steady_clock::time_point & time[m[K)
      |                                                            [01;35m[K~~~~~~~~~~~~~~~~~~~~~~~~~~~~~~~~~~~~~~~~~~~~~~^~~~[m[K
[01m[K/home/jcfurey/wvs_ws/src/web_video_server/src/ros_compressed_streamer.cpp:[m[K At global scope:
[01m[K/home/jcfurey/wvs_ws/src/web_video_server/src/ros_compressed_streamer.cpp:135:56:[m[K [01;35m[Kwarning: [m[K‘[01m[Ksensor_msgs::msg::CompressedImage_<std::allocator<void> >::ConstPtr[m[K’ is deprecated [[01;35m[K-Wdeprecated-declarations[m[K]
  135 |   const sensor_msgs::msg::CompressedImage::ConstPtr msg[01;35m[K)[m[K
      |                                                        [01;35m[K^[m[K
In file included from [01m[K/opt/ros/jazzy/include/sensor_msgs/sensor_msgs/msg/compressed_image.hpp:7[m[K,
                 from [01m[K/home/jcfurey/wvs_ws/src/web_video_server/include/web_video_server/ros_compressed_streamer.hpp:36[m[K:
[01m[K/opt/ros/jazzy/include/sensor_msgs/sensor_msgs/msg/detail/compressed_image__struct.hpp:132:5:[m[K [01;36m[Knote: [m[Kdeclared here
  132 |     [01;36m[KConstPtr[m[K;
      |     [01;36m[K^~~~~~~~[m[K
In file included from [01m[K/home/jcfurey/wvs_ws/src/web_video_server/include/web_video_server/subscribers/pointcloud2_subscriber.hpp:18[m[K,
                 from [01m[K/home/jcfurey/wvs_ws/src/web_video_server/src/subscribers/pointcloud2_subscriber.cpp:3[m[K:
[01m[K/home/jcfurey/wvs_ws/src/web_video_server/include/web_video_server/subscribers/ros_subscriber.hpp:16:70:[m[K [01;35m[Kwarning: [m[K‘[01m[Ksensor_msgs::msg::Image_<std::allocator<void> >::ConstPtr[m[K’ is deprecated [[01;35m[K-Wdeprecated-declarations[m[K]
   16 |   typedef std::function<void(const sensor_msgs::msg::Image::ConstPtr&[01;35m[K)[m[K> ImageCallback;
      |                                                                      [01;35m[K^[m[K
In file included from [01m[K/opt/ros/jazzy/include/sensor_msgs/sensor_msgs/msg/image.hpp:7[m[K,
                 from [01m[K/home/jcfurey/wvs_ws/src/web_video_server/include/web_video_server/subscribers/pointcloud2_subscriber.hpp:5[m[K:
[01m[K/opt/ros/jazzy/include/sensor_msgs/sensor_msgs/msg/detail/image__struct.hpp:176:5:[m[K [01;36m[Knote: [m[Kdeclared here
  176 |     [01;36m[KConstPtr[m[K;
      |     [01;36m[K^~~~~~~~[m[K
[01m[K/home/jcfurey/wvs_ws/src/web_video_server/include/web_video_server/subscribers/ros_subscriber.hpp:30:87:[m[K [01;35m[Kwarning: [m[K‘[01m[Ksensor_msgs::msg::Image_<std::allocator<void> >::ConstPtr[m[K’ is deprecated [[01;35m[K-Wdeprecated-declarations[m[K]
   30 |     virtual void subscriberCallback(const sensor_msgs::msg::Image::ConstPtr &input_msg[01;35m[K)[m[K;
      |                                                                                       [01;35m[K^[m[K
[01m[K/opt/ros/jazzy/include/sensor_msgs/sensor_msgs/msg/detail/image__struct.hpp:176:5:[m[K [01;36m[Knote: [m[Kdeclared here
  176 |     [01;36m[KConstPtr[m[K;
      |     [01;36m[K^~~~~~~~[m[K
[01m[K/home/jcfurey/wvs_ws/src/web_video_server/include/web_video_server/subscribers/pointcloud2_subscriber.hpp:34:85:[m[K [01;35m[Kwarning: [m[K‘[01m[Ksensor_msgs::msg::PointCloud2_<std::allocator<void> >::ConstPtr[m[K’ is deprecated [[01;35m[K-Wdeprecated-declarations[m[K]
   34 |     void subscriberCallback(const sensor_msgs::msg::PointCloud2::ConstPtr &input_msg[01;35m[K)[m[K;
      |                                                                                     [01;35m[K^[m[K
In file included from [01m[K/opt/ros/jazzy/include/sensor_msgs/sensor_msgs/msg/point_cloud2.hpp:7[m[K,
                 from [01m[K/home/jcfurey/wvs_ws/src/web_video_server/include/web_video_server/subscribers/pointcloud2_subscriber.hpp:7[m[K:
[01m[K/opt/ros/jazzy/include/sensor_msgs/sensor_msgs/msg/detail/point_cloud2__struct.hpp:197:5:[m[K [01;36m[Knote: [m[Kdeclared here
  197 |     [01;36m[KConstPtr[m[K;
      |     [01;36m[K^~~~~~~~[m[K
[01m[K/home/jcfurey/wvs_ws/src/web_video_server/include/web_video_server/subscribers/ros_subscriber.hpp:30:18:[m[K [01;35m[Kwarning: [m[K‘[01m[Kvirtual void web_video_server::RosSubscriber::[01;32m[KsubscriberCallback[m[K(const sensor_msgs::msg::Image_<std::allocator<void> >::ConstPtr&)[m[K’ was hidden [[01;35m[K-Woverloaded-virtual=[m[K]
   30 |     virtual void [01;35m[KsubscriberCallback[m[K(const sensor_msgs::msg::Image::ConstPtr &input_msg);
      |                  [01;35m[K^~~~~~~~~~~~~~~~~~[m[K
[01m[K/home/jcfurey/wvs_ws/src/web_video_server/include/web_video_server/subscribers/pointcloud2_subscriber.hpp:34:10:[m[K [01;36m[Knote: [m[K  by ‘[01m[Kvoid web_video_server::PointCloud2Subscriber::[01;32m[KsubscriberCallback[m[K(const sensor_msgs::msg::PointCloud2_<std::allocator<void> >::ConstPtr&)[m[K’
   34 |     void [01;36m[KsubscriberCallback[m[K(const sensor_msgs::msg::PointCloud2::ConstPtr &input_msg);
      |          [01;36m[K^~~~~~~~~~~~~~~~~~[m[K
[01m[K/home/jcfurey/wvs_ws/src/web_video_server/src/subscribers/pointcloud2_subscriber.cpp:73:104:[m[K [01;35m[Kwarning: [m[K‘[01m[Ksensor_msgs::msg::PointCloud2_<std::allocator<void> >::ConstPtr[m[K’ is deprecated [[01;35m[K-Wdeprecated-declarations[m[K]
   73 | void PointCloud2Subscriber::subscriberCallback(const sensor_msgs::msg::PointCloud2::ConstPtr &input_msg[01;35m[K)[m[K
      |                                                                                                        [01;35m[K^[m[K
[01m[K/opt/ros/jazzy/include/sensor_msgs/sensor_msgs/msg/detail/point_cloud2__struct.hpp:197:5:[m[K [01;36m[Knote: [m[Kdeclared here
  197 |     [01;36m[KConstPtr[m[K;
      |     [01;36m[K^~~~~~~~[m[K
[01m[K/home/jcfurey/wvs_ws/src/web_video_server/src/subscribers/pointcloud2_subscriber.cpp:[m[K In member function ‘[01m[Kvoid web_video_server::PointCloud2Subscriber::[01;32m[KsubscriberCallback[m[K(const sensor_msgs::msg::PointCloud2_<std::allocator<void> >::ConstPtr&)[m[K’:
[01m[K/home/jcfurey/wvs_ws/src/web_video_server/src/subscribers/pointcloud2_subscriber.cpp:708:15:[m[K [01;31m[Kerror: [m[K‘[01m[Kneed_endian_swap[m[K’ was not declared in this scope
  708 |           if ([01;31m[Kneed_endian_swap[m[K) intensity_value = swap_endian(intensity_value);
      |               [01;31m[K^~~~~~~~~~~~~~~~[m[K
[01m[K/home/jcfurey/wvs_ws/src/web_video_server/src/subscribers/pointcloud2_subscriber.cpp:708:51:[m[K [01;31m[Kerror: [m[K‘[01m[Kswap_endian[m[K’ was not declared in this scope; did you mean ‘[01m[Ktf2SwapEndian[m[K’?
  708 |           if (need_endian_swap) intensity_value = [01;31m[Kswap_endian[m[K(intensity_value);
      |                                                   [01;31m[K^~~~~~~~~~~[m[K
      |                                                   [32m[Ktf2SwapEndian[m[K
[01m[K/home/jcfurey/wvs_ws/src/web_video_server/src/subscribers/pointcloud2_subscriber.cpp:714:15:[m[K [01;31m[Kerror: [m[K‘[01m[Kneed_endian_swap[m[K’ was not declared in this scope
  714 |           if ([01;31m[Kneed_endian_swap[m[K) intensity_value = swap_endian(intensity_value);
      |               [01;31m[K^~~~~~~~~~~~~~~~[m[K
[01m[K/home/jcfurey/wvs_ws/src/web_video_server/src/subscribers/pointcloud2_subscriber.cpp:714:51:[m[K [01;31m[Kerror: [m[K‘[01m[Kswap_endian[m[K’ was not declared in this scope; did you mean ‘[01m[Ktf2SwapEndian[m[K’?
  714 |           if (need_endian_swap) intensity_value = [01;31m[Kswap_endian[m[K(intensity_value);
      |                                                   [01;31m[K^~~~~~~~~~~[m[K
      |                                                   [32m[Ktf2SwapEndian[m[K
[01m[K/home/jcfurey/wvs_ws/src/web_video_server/src/subscribers/pointcloud2_subscriber.cpp:720:15:[m[K [01;31m[Kerror: [m[K‘[01m[Kneed_endian_swap[m[K’ was not declared in this scope
  720 |           if ([01;31m[Kneed_endian_swap[m[K) intensity_value = swap_endian(intensity_value);
      |               [01;31m[K^~~~~~~~~~~~~~~~[m[K
[01m[K/home/jcfurey/wvs_ws/src/web_video_server/src/subscribers/pointcloud2_subscriber.cpp:720:51:[m[K [01;31m[Kerror: [m[K‘[01m[Kswap_endian[m[K’ was not declared in this scope; did you mean ‘[01m[Ktf2SwapEndian[m[K’?
  720 |           if (need_endian_swap) intensity_value = [01;31m[Kswap_endian[m[K(intensity_value);
      |                                                   [01;31m[K^~~~~~~~~~~[m[K
      |                                                   [32m[Ktf2SwapEndian[m[K
[01m[K/home/jcfurey/wvs_ws/src/web_video_server/src/subscribers/pointcloud2_subscriber.cpp:776:39:[m[K [01;35m[Kwarning: [m[K‘[01m[Ksensor_msgs::msg::Image_<std::allocator<void> >::ConstPtr[m[K’ is deprecated [[01;35m[K-Wdeprecated-declarations[m[K]
  776 |     sensor_msgs::msg::Image::ConstPtr [01;35m[Koutput_ptr[m[K = std::make_shared<sensor_msgs::msg::Image>(output_msg);
      |                                       [01;35m[K^~~~~~~~~~[m[K
[01m[K/opt/ros/jazzy/include/sensor_msgs/sensor_msgs/msg/detail/image__struct.hpp:176:5:[m[K [01;36m[Knote: [m[Kdeclared here
  176 |     [01;36m[KConstPtr[m[K;
      |     [01;36m[K^~~~~~~~[m[K
[01m[K/home/jcfurey/wvs_ws/src/web_video_server/src/subscribers/pointcloud2_subscriber.cpp:833:21:[m[K [01;35m[Kwarning: [m[Kunused variable ‘[01m[Kdisplay_value[m[K’ [[01;35m[K-Wunused-variable[m[K]
  833 |             uint8_t [01;35m[Kdisplay_value[m[K = 128; // Default gray value
      |                     [01;35m[K^~~~~~~~~~~~~[m[K
[01m[K/home/jcfurey/wvs_ws/src/web_video_server/src/subscribers/pointcloud2_subscriber.cpp:884:41:[m[K [01;35m[Kwarning: [m[K‘[01m[Ksensor_msgs::msg::Image_<std::allocator<void> >::ConstPtr[m[K’ is deprecated [[01;35m[K-Wdeprecated-declarations[m[K]
  884 |       sensor_msgs::msg::Image::ConstPtr [01;35m[Koutput_ptr[m[K = std::make_shared<sensor_msgs::msg::Image>(output_msg);
      |                                         [01;35m[K^~~~~~~~~~[m[K
[01m[K/opt/ros/jazzy/include/sensor_msgs/sensor_msgs/msg/detail/image__struct.hpp:176:5:[m[K [01;36m[Knote: [m[Kdeclared here
  176 |     [01;36m[KConstPtr[m[K;
      |     [01;36m[K^~~~~~~~[m[K
[01m[K/home/jcfurey/wvs_ws/src/web_video_server/src/subscribers/pointcloud2_subscriber.cpp:899:37:[m[K [01;35m[Kwarning: [m[K‘[01m[Ksensor_msgs::msg::Image_<std::allocator<void> >::ConstPtr[m[K’ is deprecated [[01;35m[K-Wdeprecated-declarations[m[K]
  899 |   sensor_msgs::msg::Image::ConstPtr [01;35m[Koutput_ptr[m[K = std::make_shared<sensor_msgs::msg::Image>(output_msg);
      |                                     [01;35m[K^~~~~~~~~~[m[K
[01m[K/opt/ros/jazzy/include/sensor_msgs/sensor_msgs/msg/detail/image__struct.hpp:176:5:[m[K [01;36m[Knote: [m[Kdeclared here
  176 |     [01;36m[KConstPtr[m[K;
      |     [01;36m[K^~~~~~~~[m[K
[01m[K/home/jcfurey/wvs_ws/src/web_video_server/src/subscribers/pointcloud2_subscriber.cpp:905:48:[m[K [01;31m[Kerror: [m[Kqualified-id in declaration before ‘[01m[K([m[K’ token
  905 | bool PointCloud2Subscriber::compareFieldsOffset[01;31m[K([m[Ksensor_msgs::msg::PointField& field1, sensor_msgs::msg::PointField& field2)
      |                                                [01;31m[K^[m[K
[01m[K/home/jcfurey/wvs_ws/src/web_video_server/src/subscribers/pointcloud2_subscriber.cpp:911:1:[m[K [01;31m[Kerror: [m[Ka function-definition is not allowed here before ‘[01m[K{[m[K’ token
  911 | [01;31m[K{[m[K
      | [01;31m[K^[m[K
[01m[K/home/jcfurey/wvs_ws/src/web_video_server/src/subscribers/pointcloud2_subscriber.cpp:929:76:[m[K [01;31m[Kerror: [m[Kqualified-id in declaration before ‘[01m[K([m[K’ token
  929 | std::shared_ptr<RosSubscriber> PointCloud2SubscriberType::create_subscriber[01;31m[K([m[Krclcpp::Node::SharedPtr node)
      |                                                                            [01;31m[K^[m[K
[01m[K/home/jcfurey/wvs_ws/src/web_video_server/src/subscribers/pointcloud2_subscriber.cpp:[m[K At global scope:
[01m[K/home/jcfurey/wvs_ws/src/web_video_server/src/subscribers/pointcloud2_subscriber.cpp:935:2:[m[K [01;31m[Kerror: [m[Kexpected ‘[01m[K}[m[K’ at end of input
  935 | }
      |  [01;31m[K^[m[K
[01m[K/home/jcfurey/wvs_ws/src/web_video_server/src/subscribers/pointcloud2_subscriber.cpp:14:1:[m[K [01;36m[Knote: [m[Kto match this ‘[01m[K{[m[K’
   14 | [01;36m[K{[m[K
      | [01;36m[K^[m[K
gmake[2]: *** [CMakeFiles/web_video_server.dir/build.make:258: CMakeFiles/web_video_server.dir/src/subscribers/pointcloud2_subscriber.cpp.o] Error 1
gmake[1]: *** [CMakeFiles/Makefile2:139: CMakeFiles/web_video_server.dir/all] Error 2
gmake: *** [Makefile:146: all] Error 2
