[0.009s] Invoking command in '/home/jcfurey/wvs_ws/src/web_video_server/build/web_video_server': CMAKE_PREFIX_PATH=${CMAKE_PREFIX_PATH}:/opt/ros/jazzy DEBUGINFOD_URLS=https://debuginfod.ubuntu.com /usr/bin/cmake /home/jcfurey/wvs_ws/src/web_video_server -DCMAKE_INSTALL_PREFIX=/home/jcfurey/wvs_ws/src/web_video_server/install/web_video_server
[0.086s] -- The C compiler identification is GNU 13.3.0
[0.145s] -- The CXX compiler identification is GNU 13.3.0
[0.169s] -- Detecting C compiler ABI info
[0.252s] -- Detecting C compiler ABI info - done
[0.261s] -- Check for working C compiler: /usr/lib/ccache/cc - skipped
[0.261s] -- Detecting C compile features
[0.262s] -- Detecting C compile features - done
[0.274s] -- Detecting CXX compiler ABI info
[0.365s] -- Detecting CXX compiler ABI info - done
[0.375s] -- Check for working CXX compiler: /usr/lib/ccache/c++ - skipped
[0.375s] -- Detecting CXX compile features
[0.376s] -- Detecting CXX compile features - done
[0.382s] -- Found ament_cmake_ros: 0.12.0 (/opt/ros/jazzy/share/ament_cmake_ros/cmake)
[0.544s] -- Found Python3: /home/jcfurey/venv-ardupilot/bin/python3 (found version "3.12.3") found components: Interpreter 
[0.667s] -- Found async_web_server_cpp: 2.0.0 (/opt/ros/jazzy/share/async_web_server_cpp/cmake)
[0.812s] -- Found Boost: /usr/lib/x86_64-linux-gnu/cmake/Boost-1.83.0/BoostConfig.cmake (found suitable version "1.83.0", minimum required is "1.83.0") found components: filesystem regex thread 
[0.817s] -- Found cv_bridge: 4.1.0 (/opt/ros/jazzy/share/cv_bridge/cmake)
[0.892s] -- Found rosidl_generator_c: 4.6.5 (/opt/ros/jazzy/share/rosidl_generator_c/cmake)
[0.912s] -- Found rosidl_generator_cpp: 4.6.5 (/opt/ros/jazzy/share/rosidl_generator_cpp/cmake)
[0.935s] -- Using all available rosidl_typesupport_c: rosidl_typesupport_fastrtps_c;rosidl_typesupport_introspection_c
[0.960s] -- Using all available rosidl_typesupport_cpp: rosidl_typesupport_fastrtps_cpp;rosidl_typesupport_introspection_cpp
[1.127s] -- Found rmw_implementation_cmake: 7.3.2 (/opt/ros/jazzy/share/rmw_implementation_cmake/cmake)
[1.132s] -- Found rmw_fastrtps_cpp: 8.4.2 (/opt/ros/jazzy/share/rmw_fastrtps_cpp/cmake)
[1.244s] -- Found OpenSSL: /usr/lib/x86_64-linux-gnu/libcrypto.so (found version "3.0.13")  
[1.267s] -- Found FastRTPS: /opt/ros/jazzy/include (Required is at least version "2.13") 
[1.290s] -- Using RMW implementation 'rmw_fastrtps_cpp' as default
[1.375s] -- Found image_transport: 5.1.7 (/opt/ros/jazzy/share/image_transport/cmake)
[1.413s] -- Found rclcpp_components: 28.1.10 (/opt/ros/jazzy/share/rclcpp_components/cmake)
[1.446s] -- Found tf2: 0.36.12 (/opt/ros/jazzy/share/tf2/cmake)
[1.453s] -- Found tf2_ros: 0.36.12 (/opt/ros/jazzy/share/tf2_ros/cmake)
[1.550s] -- Found tf2_sensor_msgs: 0.36.12 (/opt/ros/jazzy/share/tf2_sensor_msgs/cmake)
[1.567s] -- Found tf2_geometry_msgs: 0.36.12 (/opt/ros/jazzy/share/tf2_geometry_msgs/cmake)
[1.582s] -- Found eigen3_cmake_module: 0.3.0 (/opt/ros/jazzy/share/eigen3_cmake_module/cmake)
[1.584s] -- Found Eigen3: TRUE (found version "3.4.0") 
[1.584s] -- Ensuring Eigen3 include directory is part of orocos-kdl CMake target
[1.589s] -- Found OpenCV: /usr (found version "4.6.0") 
[1.596s] -- Found Boost: /usr/lib/x86_64-linux-gnu/cmake/Boost-1.83.0/BoostConfig.cmake (found version "1.83.0") found components: system 
[1.598s] -- Found Threads: TRUE  
[1.602s] -- Found PkgConfig: /usr/bin/pkg-config (found version "1.8.1") 
[1.603s] -- Checking for module 'libavcodec'
[1.622s] --   Found libavcodec, version 60.31.102
[1.666s] -- Checking for module 'libavformat'
[1.684s] --   Found libavformat, version 60.16.100
[1.729s] -- Checking for module 'libavutil'
[1.746s] --   Found libavutil, version 58.29.100
[1.786s] -- Checking for module 'libswscale'
[1.803s] --   Found libswscale, version 7.5.100
[1.851s] -- Found ament_lint_auto: 0.17.2 (/opt/ros/jazzy/share/ament_lint_auto/cmake)
[1.953s] -- Added test 'copyright' to check source files copyright and LICENSE
[2.002s] -- Added test 'cpplint' to check C / C++ code against the Google style
[2.002s] -- Configured cpplint exclude dirs and/or files: 
[2.015s] -- Added test 'lint_cmake' to check CMake code style
[2.022s] -- Added test 'xmllint' to check XML markup files
[2.071s] -- Added test 'uncrustify' to check C / C++ code style
[2.071s] -- Configured uncrustify additional arguments: 
[2.074s] -- Configuring done (2.1s)
[2.107s] -- Generating done (0.0s)
[2.114s] -- Build files have been written to: /home/jcfurey/wvs_ws/src/web_video_server/build/web_video_server
[2.126s] Invoked command in '/home/jcfurey/wvs_ws/src/web_video_server/build/web_video_server' returned '0': CMAKE_PREFIX_PATH=${CMAKE_PREFIX_PATH}:/opt/ros/jazzy DEBUGINFOD_URLS=https://debuginfod.ubuntu.com /usr/bin/cmake /home/jcfurey/wvs_ws/src/web_video_server -DCMAKE_INSTALL_PREFIX=/home/jcfurey/wvs_ws/src/web_video_server/install/web_video_server
[2.127s] Invoking command in '/home/jcfurey/wvs_ws/src/web_video_server/build/web_video_server': CMAKE_PREFIX_PATH=${CMAKE_PREFIX_PATH}:/opt/ros/jazzy DEBUGINFOD_URLS=https://debuginfod.ubuntu.com /usr/bin/cmake --build /home/jcfurey/wvs_ws/src/web_video_server/build/web_video_server -- -j32 -l32
[2.185s] [ 16%] [32mBuilding CXX object CMakeFiles/web_video_server.dir/src/h264_streamer.cpp.o[0m
[2.185s] [ 16%] [32mBuilding CXX object CMakeFiles/web_video_server.dir/src/web_video_server.cpp.o[0m
[2.185s] [ 16%] [32mBuilding CXX object CMakeFiles/web_video_server.dir/src/vp9_streamer.cpp.o[0m
[2.185s] [ 38%] [32mBuilding CXX object CMakeFiles/web_video_server.dir/src/multipart_stream.cpp.o[0m
[2.185s] [ 38%] [32mBuilding CXX object CMakeFiles/web_video_server.dir/src/libav_streamer.cpp.o[0m
[2.185s] [ 38%] [32mBuilding CXX object CMakeFiles/web_video_server.dir/src/vp8_streamer.cpp.o[0m
[2.185s] [ 38%] [32mBuilding CXX object CMakeFiles/web_video_server.dir/src/ros_compressed_streamer.cpp.o[0m
[2.186s] [ 55%] [32mBuilding CXX object CMakeFiles/web_video_server.dir/src/image_streamer.cpp.o[0m
[2.186s] [ 55%] [32mBuilding CXX object CMakeFiles/web_video_server.dir/src/png_streamers.cpp.o[0m
[2.186s] [ 55%] [32mBuilding CXX object CMakeFiles/web_video_server.dir/src/jpeg_streamers.cpp.o[0m
[2.186s] [ 66%] [32mBuilding CXX object CMakeFiles/web_video_server.dir/src/rtsp_streamer.cpp.o[0m
[2.186s] [ 66%] [32mBuilding CXX object CMakeFiles/web_video_server.dir/src/subscribers/ros_subscriber.cpp.o[0m
[2.186s] [ 72%] [32mBuilding CXX object CMakeFiles/web_video_server.dir/src/utils.cpp.o[0m
[2.186s] [ 77%] [32mBuilding CXX object CMakeFiles/web_video_server.dir/src/subscribers/pointcloud2_subscriber.cpp.o[0m
[2.186s] [ 83%] [32mBuilding CXX object CMakeFiles/web_video_server.dir/src/subscribers/image_transport_subscriber.cpp.o[0m
[2.206s] In file included from [01m[K/home/jcfurey/wvs_ws/src/web_video_server/include/web_video_server/subscribers/pointcloud2_subscriber.hpp:18[m[K,
[2.207s]                  from [01m[K/home/jcfurey/wvs_ws/src/web_video_server/include/web_video_server/image_streamer.hpp:44[m[K,
[2.207s]                  from [01m[K/home/jcfurey/wvs_ws/src/web_video_server/include/web_video_server/libav_streamer.hpp:50[m[K,
[2.207s]                  from [01m[K/home/jcfurey/wvs_ws/src/web_video_server/include/web_video_server/h264_streamer.hpp:36[m[K,
[2.207s]                  from [01m[K/home/jcfurey/wvs_ws/src/web_video_server/src/h264_streamer.cpp:30[m[K:
[2.207s] [01m[K/home/jcfurey/wvs_ws/src/web_video_server/include/web_video_server/subscribers/ros_subscriber.hpp:16:70:[m[K [01;35m[Kwarning: [m[K‘[01m[Ksensor_msgs::msg::Image_<std::allocator<void> >::ConstPtr[m[K’ is deprecated [[01;35m[K-Wdeprecated-declarations[m[K]
[2.207s]    16 |   typedef std::function<void(const sensor_msgs::msg::Image::ConstPtr&[01;35m[K)[m[K> ImageCallback;
[2.207s]       |                                                                      [01;35m[K^[m[K
[2.207s] In file included from [01m[K/opt/ros/jazzy/include/sensor_msgs/sensor_msgs/msg/image.hpp:7[m[K,
[2.207s]                  from [01m[K/opt/ros/jazzy/include/image_transport/image_transport/camera_publisher.hpp:38[m[K,
[2.208s]                  from [01m[K/opt/ros/jazzy/include/image_transport/image_transport/image_transport.hpp:39[m[K,
[2.208s]                  from [01m[K/home/jcfurey/wvs_ws/src/web_video_server/include/web_video_server/h264_streamer.hpp:35[m[K:
[2.208s] [01m[K/opt/ros/jazzy/include/sensor_msgs/sensor_msgs/msg/detail/image__struct.hpp:176:5:[m[K [01;36m[Knote: [m[Kdeclared here
[2.208s]   176 |     [01;36m[KConstPtr[m[K;
[2.208s]       |     [01;36m[K^~~~~~~~[m[K
[2.208s] [01m[K/home/jcfurey/wvs_ws/src/web_video_server/include/web_video_server/subscribers/ros_subscriber.hpp:30:87:[m[K [01;35m[Kwarning: [m[K‘[01m[Ksensor_msgs::msg::Image_<std::allocator<void> >::ConstPtr[m[K’ is deprecated [[01;35m[K-Wdeprecated-declarations[m[K]
[2.208s]    30 |     virtual void subscriberCallback(const sensor_msgs::msg::Image::ConstPtr &input_msg[01;35m[K)[m[K;
[2.208s]       |                                                                                       [01;35m[K^[m[K
[2.208s] [01m[K/opt/ros/jazzy/include/sensor_msgs/sensor_msgs/msg/detail/image__struct.hpp:176:5:[m[K [01;36m[Knote: [m[Kdeclared here
[2.208s]   176 |     [01;36m[KConstPtr[m[K;
[2.208s]       |     [01;36m[K^~~~~~~~[m[K
[2.209s] [01m[K/home/jcfurey/wvs_ws/src/web_video_server/include/web_video_server/subscribers/pointcloud2_subscriber.hpp:34:85:[m[K [01;35m[Kwarning: [m[K‘[01m[Ksensor_msgs::msg::PointCloud2_<std::allocator<void> >::ConstPtr[m[K’ is deprecated [[01;35m[K-Wdeprecated-declarations[m[K]
[2.209s]    34 |     void subscriberCallback(const sensor_msgs::msg::PointCloud2::ConstPtr &input_msg[01;35m[K)[m[K;
[2.209s]       |                                                                                     [01;35m[K^[m[K
[2.209s] In file included from [01m[K/opt/ros/jazzy/include/sensor_msgs/sensor_msgs/msg/point_cloud2.hpp:7[m[K,
[2.209s]                  from [01m[K/home/jcfurey/wvs_ws/src/web_video_server/include/web_video_server/subscribers/pointcloud2_subscriber.hpp:7[m[K:
[2.209s] [01m[K/opt/ros/jazzy/include/sensor_msgs/sensor_msgs/msg/detail/point_cloud2__struct.hpp:197:5:[m[K [01;36m[Knote: [m[Kdeclared here
[2.209s]   197 |     [01;36m[KConstPtr[m[K;
[2.209s]       |     [01;36m[K^~~~~~~~[m[K
[2.210s] In file included from [01m[K/home/jcfurey/wvs_ws/src/web_video_server/include/web_video_server/image_streamer.hpp:45[m[K:
[2.210s] [01m[K/home/jcfurey/wvs_ws/src/web_video_server/include/web_video_server/subscribers/image_transport_subscriber.hpp:24:79:[m[K [01;35m[Kwarning: [m[K‘[01m[Ksensor_msgs::msg::Image_<std::allocator<void> >::ConstPtr[m[K’ is deprecated [[01;35m[K-Wdeprecated-declarations[m[K]
[2.210s]    24 |     void subscriberCallback(const sensor_msgs::msg::Image::ConstPtr &input_msg[01;35m[K)[m[K;
[2.210s]       |                                                                               [01;35m[K^[m[K
[2.210s] [01m[K/opt/ros/jazzy/include/sensor_msgs/sensor_msgs/msg/detail/image__struct.hpp:176:5:[m[K [01;36m[Knote: [m[Kdeclared here
[2.210s]   176 |     [01;36m[KConstPtr[m[K;
[2.210s]       |     [01;36m[K^~~~~~~~[m[K
[2.210s] In file included from [01m[K/home/jcfurey/wvs_ws/src/web_video_server/include/web_video_server/subscribers/pointcloud2_subscriber.hpp:18[m[K,
[2.210s]                  from [01m[K/home/jcfurey/wvs_ws/src/web_video_server/include/web_video_server/image_streamer.hpp:44[m[K,
[2.210s]                  from [01m[K/home/jcfurey/wvs_ws/src/web_video_server/include/web_video_server/libav_streamer.hpp:50[m[K,
[2.211s]                  from [01m[K/home/jcfurey/wvs_ws/src/web_video_server/include/web_video_server/vp9_streamer.hpp:35[m[K,
[2.211s]                  from [01m[K/home/jcfurey/wvs_ws/src/web_video_server/src/vp9_streamer.cpp:30[m[K:
[2.211s] [01m[K/home/jcfurey/wvs_ws/src/web_video_server/include/web_video_server/subscribers/ros_subscriber.hpp:16:70:[m[K [01;35m[Kwarning: [m[K‘[01m[Ksensor_msgs::msg::Image_<std::allocator<void> >::ConstPtr[m[K’ is deprecated [[01;35m[K-Wdeprecated-declarations[m[K]
[2.211s]    16 |   typedef std::function<void(const sensor_msgs::msg::Image::ConstPtr&[01;35m[K)[m[K> ImageCallback;
[2.211s]       |                                                                      [01;35m[K^[m[K
[2.211s] In file included from [01m[K/opt/ros/jazzy/include/sensor_msgs/sensor_msgs/msg/image.hpp:7[m[K,
[2.211s]                  from [01m[K/opt/ros/jazzy/include/image_transport/image_transport/camera_publisher.hpp:38[m[K,
[2.211s]                  from [01m[K/opt/ros/jazzy/include/image_transport/image_transport/image_transport.hpp:39[m[K,
[2.211s]                  from [01m[K/home/jcfurey/wvs_ws/src/web_video_server/include/web_video_server/vp9_streamer.hpp:34[m[K:
[2.211s] [01m[K/opt/ros/jazzy/include/sensor_msgs/sensor_msgs/msg/detail/image__struct.hpp:176:5:[m[K [01;36m[Knote: [m[Kdeclared here
[2.211s]   176 |     [01;36m[KConstPtr[m[K;
[2.212s]       |     [01;36m[K^~~~~~~~[m[K
[2.212s] [01m[K/home/jcfurey/wvs_ws/src/web_video_server/include/web_video_server/subscribers/ros_subscriber.hpp:30:87:[m[K [01;35m[Kwarning: [m[K‘[01m[Ksensor_msgs::msg::Image_<std::allocator<void> >::ConstPtr[m[K’ is deprecated [[01;35m[K-Wdeprecated-declarations[m[K]
[2.212s]    30 |     virtual void subscriberCallback(const sensor_msgs::msg::Image::ConstPtr &input_msg[01;35m[K)[m[K;
[2.212s]       |                                                                                       [01;35m[K^[m[K
[2.212s] [01m[K/opt/ros/jazzy/include/sensor_msgs/sensor_msgs/msg/detail/image__struct.hpp:176:5:[m[K [01;36m[Knote: [m[Kdeclared here
[2.212s]   176 |     [01;36m[KConstPtr[m[K;
[2.212s]       |     [01;36m[K^~~~~~~~[m[K
[2.212s] [01m[K/home/jcfurey/wvs_ws/src/web_video_server/include/web_video_server/subscribers/pointcloud2_subscriber.hpp:34:85:[m[K [01;35m[Kwarning: [m[K‘[01m[Ksensor_msgs::msg::PointCloud2_<std::allocator<void> >::ConstPtr[m[K’ is deprecated [[01;35m[K-Wdeprecated-declarations[m[K]
[2.212s]    34 |     void subscriberCallback(const sensor_msgs::msg::PointCloud2::ConstPtr &input_msg[01;35m[K)[m[K;
[2.212s]       |                                                                                     [01;35m[K^[m[K
[2.213s] In file included from [01m[K/opt/ros/jazzy/include/sensor_msgs/sensor_msgs/msg/point_cloud2.hpp:7[m[K,
[2.213s]                  from [01m[K/home/jcfurey/wvs_ws/src/web_video_server/include/web_video_server/subscribers/pointcloud2_subscriber.hpp:7[m[K:
[2.213s] [01m[K/opt/ros/jazzy/include/sensor_msgs/sensor_msgs/msg/detail/point_cloud2__struct.hpp:197:5:[m[K [01;36m[Knote: [m[Kdeclared here
[2.213s]   197 |     [01;36m[KConstPtr[m[K;
[2.213s]       |     [01;36m[K^~~~~~~~[m[K
[2.213s] In file included from [01m[K/home/jcfurey/wvs_ws/src/web_video_server/include/web_video_server/image_streamer.hpp:45[m[K:
[2.213s] [01m[K/home/jcfurey/wvs_ws/src/web_video_server/include/web_video_server/subscribers/image_transport_subscriber.hpp:24:79:[m[K [01;35m[Kwarning: [m[K‘[01m[Ksensor_msgs::msg::Image_<std::allocator<void> >::ConstPtr[m[K’ is deprecated [[01;35m[K-Wdeprecated-declarations[m[K]
[2.213s]    24 |     void subscriberCallback(const sensor_msgs::msg::Image::ConstPtr &input_msg[01;35m[K)[m[K;
[2.214s]       |                                                                               [01;35m[K^[m[K
[2.214s] [01m[K/opt/ros/jazzy/include/sensor_msgs/sensor_msgs/msg/detail/image__struct.hpp:176:5:[m[K [01;36m[Knote: [m[Kdeclared here
[2.214s]   176 |     [01;36m[KConstPtr[m[K;
[2.214s]       |     [01;36m[K^~~~~~~~[m[K
[2.214s] In file included from [01m[K/home/jcfurey/wvs_ws/src/web_video_server/include/web_video_server/subscribers/image_transport_subscriber.hpp:8[m[K,
[2.214s]                  from [01m[K/home/jcfurey/wvs_ws/src/web_video_server/src/subscribers/image_transport_subscriber.cpp:2[m[K:
[2.214s] [01m[K/home/jcfurey/wvs_ws/src/web_video_server/include/web_video_server/subscribers/ros_subscriber.hpp:16:70:[m[K [01;35m[Kwarning: [m[K‘[01m[Ksensor_msgs::msg::Image_<std::allocator<void> >::ConstPtr[m[K’ is deprecated [[01;35m[K-Wdeprecated-declarations[m[K]
[2.214s]    16 |   typedef std::function<void(const sensor_msgs::msg::Image::ConstPtr&[01;35m[K)[m[K> ImageCallback;
[2.214s]       |                                                                      [01;35m[K^[m[K
[2.214s] In file included from [01m[K/opt/ros/jazzy/include/sensor_msgs/sensor_msgs/msg/image.hpp:7[m[K,
[2.215s]                  from [01m[K/opt/ros/jazzy/include/image_transport/image_transport/camera_publisher.hpp:38[m[K,
[2.215s]                  from [01m[K/opt/ros/jazzy/include/image_transport/image_transport/image_transport.hpp:39[m[K,
[2.215s]                  from [01m[K/home/jcfurey/wvs_ws/src/web_video_server/include/web_video_server/subscribers/image_transport_subscriber.hpp:5[m[K:
[2.215s] [01m[K/opt/ros/jazzy/include/sensor_msgs/sensor_msgs/msg/detail/image__struct.hpp:176:5:[m[K [01;36m[Knote: [m[Kdeclared here
[2.215s]   176 |     [01;36m[KConstPtr[m[K;
[2.215s]       |     [01;36m[K^~~~~~~~[m[K
[2.215s] [01m[K/home/jcfurey/wvs_ws/src/web_video_server/include/web_video_server/subscribers/ros_subscriber.hpp:30:87:[m[K [01;35m[Kwarning: [m[K‘[01m[Ksensor_msgs::msg::Image_<std::allocator<void> >::ConstPtr[m[K’ is deprecated [[01;35m[K-Wdeprecated-declarations[m[K]
[2.215s]    30 |     virtual void subscriberCallback(const sensor_msgs::msg::Image::ConstPtr &input_msg[01;35m[K)[m[K;
[2.215s]       |                                                                                       [01;35m[K^[m[K
[2.216s] [01m[K/opt/ros/jazzy/include/sensor_msgs/sensor_msgs/msg/detail/image__struct.hpp:176:5:[m[K [01;36m[Knote: [m[Kdeclared here
[2.216s]   176 |     [01;36m[KConstPtr[m[K;
[2.216s]       |     [01;36m[K^~~~~~~~[m[K
[2.216s] [01m[K/home/jcfurey/wvs_ws/src/web_video_server/include/web_video_server/subscribers/image_transport_subscriber.hpp:24:79:[m[K [01;35m[Kwarning: [m[K‘[01m[Ksensor_msgs::msg::Image_<std::allocator<void> >::ConstPtr[m[K’ is deprecated [[01;35m[K-Wdeprecated-declarations[m[K]
[2.216s]    24 |     void subscriberCallback(const sensor_msgs::msg::Image::ConstPtr &input_msg[01;35m[K)[m[K;
[2.216s]       |                                                                               [01;35m[K^[m[K
[2.216s] [01m[K/opt/ros/jazzy/include/sensor_msgs/sensor_msgs/msg/detail/image__struct.hpp:176:5:[m[K [01;36m[Knote: [m[Kdeclared here
[2.216s]   176 |     [01;36m[KConstPtr[m[K;
[2.216s]       |     [01;36m[K^~~~~~~~[m[K
[2.216s] [01m[K/home/jcfurey/wvs_ws/src/web_video_server/src/subscribers/image_transport_subscriber.cpp:44:101:[m[K [01;35m[Kwarning: [m[K‘[01m[Ksensor_msgs::msg::Image_<std::allocator<void> >::ConstPtr[m[K’ is deprecated [[01;35m[K-Wdeprecated-declarations[m[K]
[2.216s]    44 | void ImageTransportSubscriber::subscriberCallback(const sensor_msgs::msg::Image::ConstPtr &input_msg[01;35m[K)[m[K
[2.216s]       |                                                                                                     [01;35m[K^[m[K
[2.217s] [01m[K/opt/ros/jazzy/include/sensor_msgs/sensor_msgs/msg/detail/image__struct.hpp:176:5:[m[K [01;36m[Knote: [m[Kdeclared here
[2.217s]   176 |     [01;36m[KConstPtr[m[K;
[2.217s]       |     [01;36m[K^~~~~~~~[m[K
[2.217s] In file included from [01m[K/home/jcfurey/wvs_ws/src/web_video_server/include/web_video_server/subscribers/pointcloud2_subscriber.hpp:18[m[K,
[2.217s]                  from [01m[K/home/jcfurey/wvs_ws/src/web_video_server/include/web_video_server/image_streamer.hpp:44[m[K,
[2.217s]                  from [01m[K/home/jcfurey/wvs_ws/src/web_video_server/include/web_video_server/libav_streamer.hpp:50[m[K,
[2.217s]                  from [01m[K/home/jcfurey/wvs_ws/src/web_video_server/include/web_video_server/vp8_streamer.hpp:37[m[K,
[2.217s]                  from [01m[K/home/jcfurey/wvs_ws/src/web_video_server/src/vp8_streamer.cpp:31[m[K:
[2.217s] [01m[K/home/jcfurey/wvs_ws/src/web_video_server/include/web_video_server/subscribers/ros_subscriber.hpp:16:70:[m[K [01;35m[Kwarning: [m[K‘[01m[Ksensor_msgs::msg::Image_<std::allocator<void> >::ConstPtr[m[K’ is deprecated [[01;35m[K-Wdeprecated-declarations[m[K]
[2.217s]    16 |   typedef std::function<void(const sensor_msgs::msg::Image::ConstPtr&[01;35m[K)[m[K> ImageCallback;
[2.217s]       |                                                                      [01;35m[K^[m[K
[2.217s] In file included from [01m[K/opt/ros/jazzy/include/sensor_msgs/sensor_msgs/msg/image.hpp:7[m[K,
[2.217s]                  from [01m[K/opt/ros/jazzy/include/image_transport/image_transport/camera_publisher.hpp:38[m[K,
[2.217s]                  from [01m[K/opt/ros/jazzy/include/image_transport/image_transport/image_transport.hpp:39[m[K,
[2.218s]                  from [01m[K/home/jcfurey/wvs_ws/src/web_video_server/include/web_video_server/vp8_streamer.hpp:36[m[K:
[2.218s] [01m[K/opt/ros/jazzy/include/sensor_msgs/sensor_msgs/msg/detail/image__struct.hpp:176:5:[m[K [01;36m[Knote: [m[Kdeclared here
[2.218s]   176 |     [01;36m[KConstPtr[m[K;
[2.218s]       |     [01;36m[K^~~~~~~~[m[K
[2.218s] [01m[K/home/jcfurey/wvs_ws/src/web_video_server/include/web_video_server/subscribers/ros_subscriber.hpp:30:87:[m[K [01;35m[Kwarning: [m[K‘[01m[Ksensor_msgs::msg::Image_<std::allocator<void> >::ConstPtr[m[K’ is deprecated [[01;35m[K-Wdeprecated-declarations[m[K]
[2.218s]    30 |     virtual void subscriberCallback(const sensor_msgs::msg::Image::ConstPtr &input_msg[01;35m[K)[m[K;
[2.218s]       |                                                                                       [01;35m[K^[m[K
[2.218s] [01m[K/opt/ros/jazzy/include/sensor_msgs/sensor_msgs/msg/detail/image__struct.hpp:176:5:[m[K [01;36m[Knote: [m[Kdeclared here
[2.218s]   176 |     [01;36m[KConstPtr[m[K;
[2.218s]       |     [01;36m[K^~~~~~~~[m[K
[2.219s] [01m[K/home/jcfurey/wvs_ws/src/web_video_server/include/web_video_server/subscribers/pointcloud2_subscriber.hpp:34:85:[m[K [01;35m[Kwarning: [m[K‘[01m[Ksensor_msgs::msg::PointCloud2_<std::allocator<void> >::ConstPtr[m[K’ is deprecated [[01;35m[K-Wdeprecated-declarations[m[K]
[2.219s]    34 |     void subscriberCallback(const sensor_msgs::msg::PointCloud2::ConstPtr &input_msg[01;35m[K)[m[K;
[2.219s]       |                                                                                     [01;35m[K^[m[K
[2.219s] In file included from [01m[K/opt/ros/jazzy/include/sensor_msgs/sensor_msgs/msg/point_cloud2.hpp:7[m[K,
[2.219s]                  from [01m[K/home/jcfurey/wvs_ws/src/web_video_server/include/web_video_server/subscribers/pointcloud2_subscriber.hpp:7[m[K:
[2.219s] [01m[K/opt/ros/jazzy/include/sensor_msgs/sensor_msgs/msg/detail/point_cloud2__struct.hpp:197:5:[m[K [01;36m[Knote: [m[Kdeclared here
[2.219s]   197 |     [01;36m[KConstPtr[m[K;
[2.219s]       |     [01;36m[K^~~~~~~~[m[K
[2.219s] In file included from [01m[K/home/jcfurey/wvs_ws/src/web_video_server/include/web_video_server/image_streamer.hpp:45[m[K:
[2.219s] [01m[K/home/jcfurey/wvs_ws/src/web_video_server/include/web_video_server/subscribers/image_transport_subscriber.hpp:24:79:[m[K [01;35m[Kwarning: [m[K‘[01m[Ksensor_msgs::msg::Image_<std::allocator<void> >::ConstPtr[m[K’ is deprecated [[01;35m[K-Wdeprecated-declarations[m[K]
[2.220s]    24 |     void subscriberCallback(const sensor_msgs::msg::Image::ConstPtr &input_msg[01;35m[K)[m[K;
[2.220s]       |                                                                               [01;35m[K^[m[K
[2.220s] [01m[K/opt/ros/jazzy/include/sensor_msgs/sensor_msgs/msg/detail/image__struct.hpp:176:5:[m[K [01;36m[Knote: [m[Kdeclared here
[2.220s]   176 |     [01;36m[KConstPtr[m[K;
[2.220s]       |     [01;36m[K^~~~~~~~[m[K
[2.220s] In file included from [01m[K/home/jcfurey/wvs_ws/src/web_video_server/include/web_video_server/subscribers/pointcloud2_subscriber.hpp:18[m[K,
[2.220s]                  from [01m[K/home/jcfurey/wvs_ws/src/web_video_server/include/web_video_server/image_streamer.hpp:44[m[K,
[2.220s]                  from [01m[K/home/jcfurey/wvs_ws/src/web_video_server/include/web_video_server/libav_streamer.hpp:50[m[K,
[2.220s]                  from [01m[K/home/jcfurey/wvs_ws/src/web_video_server/src/libav_streamer.cpp:31[m[K:
[2.220s] [01m[K/home/jcfurey/wvs_ws/src/web_video_server/include/web_video_server/subscribers/ros_subscriber.hpp:16:70:[m[K [01;35m[Kwarning: [m[K‘[01m[Ksensor_msgs::msg::Image_<std::allocator<void> >::ConstPtr[m[K’ is deprecated [[01;35m[K-Wdeprecated-declarations[m[K]
[2.220s]    16 |   typedef std::function<void(const sensor_msgs::msg::Image::ConstPtr&[01;35m[K)[m[K> ImageCallback;
[2.221s]       |                                                                      [01;35m[K^[m[K
[2.221s] In file included from [01m[K/opt/ros/jazzy/include/sensor_msgs/sensor_msgs/msg/image.hpp:7[m[K,
[2.221s]                  from [01m[K/opt/ros/jazzy/include/image_transport/image_transport/camera_publisher.hpp:38[m[K,
[2.221s]                  from [01m[K/opt/ros/jazzy/include/image_transport/image_transport/image_transport.hpp:39[m[K,
[2.221s]                  from [01m[K/home/jcfurey/wvs_ws/src/web_video_server/include/web_video_server/libav_streamer.hpp:49[m[K:
[2.221s] [01m[K/opt/ros/jazzy/include/sensor_msgs/sensor_msgs/msg/detail/image__struct.hpp:176:5:[m[K [01;36m[Knote: [m[Kdeclared here
[2.221s]   176 |     [01;36m[KConstPtr[m[K;
[2.221s]       |     [01;36m[K^~~~~~~~[m[K
[2.221s] [01m[K/home/jcfurey/wvs_ws/src/web_video_server/include/web_video_server/subscribers/ros_subscriber.hpp:30:87:[m[K [01;35m[Kwarning: [m[K‘[01m[Ksensor_msgs::msg::Image_<std::allocator<void> >::ConstPtr[m[K’ is deprecated [[01;35m[K-Wdeprecated-declarations[m[K]
[2.221s]    30 |     virtual void subscriberCallback(const sensor_msgs::msg::Image::ConstPtr &input_msg[01;35m[K)[m[K;
[2.221s]       |                                                                                       [01;35m[K^[m[K
[2.221s] [01m[K/opt/ros/jazzy/include/sensor_msgs/sensor_msgs/msg/detail/image__struct.hpp:176:5:[m[K [01;36m[Knote: [m[Kdeclared here
[2.222s]   176 |     [01;36m[KConstPtr[m[K;
[2.222s]       |     [01;36m[K^~~~~~~~[m[K
[2.222s] [01m[K/home/jcfurey/wvs_ws/src/web_video_server/include/web_video_server/subscribers/pointcloud2_subscriber.hpp:34:85:[m[K [01;35m[Kwarning: [m[K‘[01m[Ksensor_msgs::msg::PointCloud2_<std::allocator<void> >::ConstPtr[m[K’ is deprecated [[01;35m[K-Wdeprecated-declarations[m[K]
[2.222s]    34 |     void subscriberCallback(const sensor_msgs::msg::PointCloud2::ConstPtr &input_msg[01;35m[K)[m[K;
[2.222s]       |                                                                                     [01;35m[K^[m[K
[2.222s] In file included from [01m[K/opt/ros/jazzy/include/sensor_msgs/sensor_msgs/msg/point_cloud2.hpp:7[m[K,
[2.222s]                  from [01m[K/home/jcfurey/wvs_ws/src/web_video_server/include/web_video_server/subscribers/pointcloud2_subscriber.hpp:7[m[K:
[2.222s] [01m[K/opt/ros/jazzy/include/sensor_msgs/sensor_msgs/msg/detail/point_cloud2__struct.hpp:197:5:[m[K [01;36m[Knote: [m[Kdeclared here
[2.222s]   197 |     [01;36m[KConstPtr[m[K;
[2.222s]       |     [01;36m[K^~~~~~~~[m[K
[2.222s] In file included from [01m[K/home/jcfurey/wvs_ws/src/web_video_server/include/web_video_server/image_streamer.hpp:45[m[K:
[2.222s] [01m[K/home/jcfurey/wvs_ws/src/web_video_server/include/web_video_server/subscribers/image_transport_subscriber.hpp:24:79:[m[K [01;35m[Kwarning: [m[K‘[01m[Ksensor_msgs::msg::Image_<std::allocator<void> >::ConstPtr[m[K’ is deprecated [[01;35m[K-Wdeprecated-declarations[m[K]
[2.223s]    24 |     void subscriberCallback(const sensor_msgs::msg::Image::ConstPtr &input_msg[01;35m[K)[m[K;
[2.223s]       |                                                                               [01;35m[K^[m[K
[2.223s] [01m[K/opt/ros/jazzy/include/sensor_msgs/sensor_msgs/msg/detail/image__struct.hpp:176:5:[m[K [01;36m[Knote: [m[Kdeclared here
[2.223s]   176 |     [01;36m[KConstPtr[m[K;
[2.223s]       |     [01;36m[K^~~~~~~~[m[K
[2.223s] In file included from [01m[K/home/jcfurey/wvs_ws/src/web_video_server/include/web_video_server/subscribers/pointcloud2_subscriber.hpp:18[m[K,
[2.223s]                  from [01m[K/home/jcfurey/wvs_ws/src/web_video_server/include/web_video_server/image_streamer.hpp:44[m[K,
[2.223s]                  from [01m[K/home/jcfurey/wvs_ws/src/web_video_server/include/web_video_server/jpeg_streamers.hpp:37[m[K,
[2.223s]                  from [01m[K/home/jcfurey/wvs_ws/src/web_video_server/src/jpeg_streamers.cpp:31[m[K:
[2.223s] [01m[K/home/jcfurey/wvs_ws/src/web_video_server/include/web_video_server/subscribers/ros_subscriber.hpp:16:70:[m[K [01;35m[Kwarning: [m[K‘[01m[Ksensor_msgs::msg::Image_<std::allocator<void> >::ConstPtr[m[K’ is deprecated [[01;35m[K-Wdeprecated-declarations[m[K]
[2.223s]    16 |   typedef std::function<void(const sensor_msgs::msg::Image::ConstPtr&[01;35m[K)[m[K> ImageCallback;
[2.223s]       |                                                                      [01;35m[K^[m[K
[2.223s] In file included from [01m[K/opt/ros/jazzy/include/sensor_msgs/sensor_msgs/msg/image.hpp:7[m[K,
[2.224s]                  from [01m[K/opt/ros/jazzy/include/image_transport/image_transport/camera_publisher.hpp:38[m[K,
[2.224s]                  from [01m[K/opt/ros/jazzy/include/image_transport/image_transport/image_transport.hpp:39[m[K,
[2.224s]                  from [01m[K/home/jcfurey/wvs_ws/src/web_video_server/include/web_video_server/jpeg_streamers.hpp:36[m[K:
[2.224s] [01m[K/opt/ros/jazzy/include/sensor_msgs/sensor_msgs/msg/detail/image__struct.hpp:176:5:[m[K [01;36m[Knote: [m[Kdeclared here
[2.224s]   176 |     [01;36m[KConstPtr[m[K;
[2.224s]       |     [01;36m[K^~~~~~~~[m[K
[2.224s] [01m[K/home/jcfurey/wvs_ws/src/web_video_server/include/web_video_server/subscribers/ros_subscriber.hpp:30:87:[m[K [01;35m[Kwarning: [m[K‘[01m[Ksensor_msgs::msg::Image_<std::allocator<void> >::ConstPtr[m[K’ is deprecated [[01;35m[K-Wdeprecated-declarations[m[K]
[2.224s]    30 |     virtual void subscriberCallback(const sensor_msgs::msg::Image::ConstPtr &input_msg[01;35m[K)[m[K;
[2.224s]       |                                                                                       [01;35m[K^[m[K
[2.224s] [01m[K/opt/ros/jazzy/include/sensor_msgs/sensor_msgs/msg/detail/image__struct.hpp:176:5:[m[K [01;36m[Knote: [m[Kdeclared here
[2.224s]   176 |     [01;36m[KConstPtr[m[K;
[2.224s]       |     [01;36m[K^~~~~~~~[m[K
[2.224s] [01m[K/home/jcfurey/wvs_ws/src/web_video_server/include/web_video_server/subscribers/pointcloud2_subscriber.hpp:34:85:[m[K [01;35m[Kwarning: [m[K‘[01m[Ksensor_msgs::msg::PointCloud2_<std::allocator<void> >::ConstPtr[m[K’ is deprecated [[01;35m[K-Wdeprecated-declarations[m[K]
[2.225s]    34 |     void subscriberCallback(const sensor_msgs::msg::PointCloud2::ConstPtr &input_msg[01;35m[K)[m[K;
[2.225s]       |                                                                                     [01;35m[K^[m[K
[2.225s] In file included from [01m[K/opt/ros/jazzy/include/sensor_msgs/sensor_msgs/msg/point_cloud2.hpp:7[m[K,
[2.225s]                  from [01m[K/home/jcfurey/wvs_ws/src/web_video_server/include/web_video_server/subscribers/pointcloud2_subscriber.hpp:7[m[K:
[2.225s] [01m[K/opt/ros/jazzy/include/sensor_msgs/sensor_msgs/msg/detail/point_cloud2__struct.hpp:197:5:[m[K [01;36m[Knote: [m[Kdeclared here
[2.225s]   197 |     [01;36m[KConstPtr[m[K;
[2.225s]       |     [01;36m[K^~~~~~~~[m[K
[2.225s] In file included from [01m[K/home/jcfurey/wvs_ws/src/web_video_server/include/web_video_server/image_streamer.hpp:45[m[K:
[2.225s] [01m[K/home/jcfurey/wvs_ws/src/web_video_server/include/web_video_server/subscribers/image_transport_subscriber.hpp:24:79:[m[K [01;35m[Kwarning: [m[K‘[01m[Ksensor_msgs::msg::Image_<std::allocator<void> >::ConstPtr[m[K’ is deprecated [[01;35m[K-Wdeprecated-declarations[m[K]
[2.225s]    24 |     void subscriberCallback(const sensor_msgs::msg::Image::ConstPtr &input_msg[01;35m[K)[m[K;
[2.225s]       |                                                                               [01;35m[K^[m[K
[2.225s] [01m[K/opt/ros/jazzy/include/sensor_msgs/sensor_msgs/msg/detail/image__struct.hpp:176:5:[m[K [01;36m[Knote: [m[Kdeclared here
[2.225s]   176 |     [01;36m[KConstPtr[m[K;
[2.226s]       |     [01;36m[K^~~~~~~~[m[K
[2.226s] In file included from [01m[K/home/jcfurey/wvs_ws/src/web_video_server/include/web_video_server/subscribers/pointcloud2_subscriber.hpp:18[m[K,
[2.226s]                  from [01m[K/home/jcfurey/wvs_ws/src/web_video_server/include/web_video_server/image_streamer.hpp:44[m[K,
[2.226s]                  from [01m[K/home/jcfurey/wvs_ws/src/web_video_server/include/web_video_server/web_video_server.hpp:45[m[K,
[2.226s]                  from [01m[K/home/jcfurey/wvs_ws/src/web_video_server/src/web_video_server.cpp:31[m[K:
[2.226s] [01m[K/home/jcfurey/wvs_ws/src/web_video_server/include/web_video_server/subscribers/ros_subscriber.hpp:16:70:[m[K [01;35m[Kwarning: [m[K‘[01m[Ksensor_msgs::msg::Image_<std::allocator<void> >::ConstPtr[m[K’ is deprecated [[01;35m[K-Wdeprecated-declarations[m[K]
[2.226s]    16 |   typedef std::function<void(const sensor_msgs::msg::Image::ConstPtr&[01;35m[K)[m[K> ImageCallback;
[2.226s]       |                                                                      [01;35m[K^[m[K
[2.226s] In file included from [01m[K/opt/ros/jazzy/include/sensor_msgs/sensor_msgs/msg/image.hpp:7[m[K,
[2.226s]                  from [01m[K/opt/ros/jazzy/include/cv_bridge/cv_bridge/cv_bridge.hpp:40[m[K,
[2.226s]                  from [01m[K/home/jcfurey/wvs_ws/src/web_video_server/include/web_video_server/web_video_server.hpp:41[m[K:
[2.226s] [01m[K/opt/ros/jazzy/include/sensor_msgs/sensor_msgs/msg/detail/image__struct.hpp:176:5:[m[K [01;36m[Knote: [m[Kdeclared here
[2.227s]   176 |     [01;36m[KConstPtr[m[K;
[2.227s]       |     [01;36m[K^~~~~~~~[m[K
[2.227s] [01m[K/home/jcfurey/wvs_ws/src/web_video_server/include/web_video_server/subscribers/ros_subscriber.hpp:30:87:[m[K [01;35m[Kwarning: [m[K‘[01m[Ksensor_msgs::msg::Image_<std::allocator<void> >::ConstPtr[m[K’ is deprecated [[01;35m[K-Wdeprecated-declarations[m[K]
[2.227s]    30 |     virtual void subscriberCallback(const sensor_msgs::msg::Image::ConstPtr &input_msg[01;35m[K)[m[K;
[2.227s]       |                                                                                       [01;35m[K^[m[K
[2.227s] [01m[K/opt/ros/jazzy/include/sensor_msgs/sensor_msgs/msg/detail/image__struct.hpp:176:5:[m[K [01;36m[Knote: [m[Kdeclared here
[2.227s]   176 |     [01;36m[KConstPtr[m[K;
[2.227s]       |     [01;36m[K^~~~~~~~[m[K
[2.227s] [01m[K/home/jcfurey/wvs_ws/src/web_video_server/include/web_video_server/subscribers/pointcloud2_subscriber.hpp:34:85:[m[K [01;35m[Kwarning: [m[K‘[01m[Ksensor_msgs::msg::PointCloud2_<std::allocator<void> >::ConstPtr[m[K’ is deprecated [[01;35m[K-Wdeprecated-declarations[m[K]
[2.227s]    34 |     void subscriberCallback(const sensor_msgs::msg::PointCloud2::ConstPtr &input_msg[01;35m[K)[m[K;
[2.227s]       |                                                                                     [01;35m[K^[m[K
[2.227s] In file included from [01m[K/opt/ros/jazzy/include/sensor_msgs/sensor_msgs/msg/point_cloud2.hpp:7[m[K,
[2.227s]                  from [01m[K/home/jcfurey/wvs_ws/src/web_video_server/include/web_video_server/subscribers/pointcloud2_subscriber.hpp:7[m[K:
[2.228s] [01m[K/opt/ros/jazzy/include/sensor_msgs/sensor_msgs/msg/detail/point_cloud2__struct.hpp:197:5:[m[K [01;36m[Knote: [m[Kdeclared here
[2.228s]   197 |     [01;36m[KConstPtr[m[K;
[2.228s]       |     [01;36m[K^~~~~~~~[m[K
[2.228s] [01m[K/home/jcfurey/wvs_ws/src/web_video_server/include/web_video_server/subscribers/ros_subscriber.hpp:30:18:[m[K [01;35m[Kwarning: [m[K‘[01m[Kvirtual void web_video_server::RosSubscriber::[01;32m[KsubscriberCallback[m[K(const sensor_msgs::msg::Image_<std::allocator<void> >::ConstPtr&)[m[K’ was hidden [[01;35m[K-Woverloaded-virtual=[m[K]
[2.228s]    30 |     virtual void [01;35m[KsubscriberCallback[m[K(const sensor_msgs::msg::Image::ConstPtr &input_msg);
[2.228s]       |                  [01;35m[K^~~~~~~~~~~~~~~~~~[m[K
[2.228s] [01m[K/home/jcfurey/wvs_ws/src/web_video_server/include/web_video_server/subscribers/pointcloud2_subscriber.hpp:34:10:[m[K [01;36m[Knote: [m[K  by ‘[01m[Kvoid web_video_server::PointCloud2Subscriber::[01;32m[KsubscriberCallback[m[K(const sensor_msgs::msg::PointCloud2_<std::allocator<void> >::ConstPtr&)[m[K’
[2.228s]    34 |     void [01;36m[KsubscriberCallback[m[K(const sensor_msgs::msg::PointCloud2::ConstPtr &input_msg);
[2.228s]       |          [01;36m[K^~~~~~~~~~~~~~~~~~[m[K
[2.228s] In file included from [01m[K/home/jcfurey/wvs_ws/src/web_video_server/include/web_video_server/image_streamer.hpp:45[m[K:
[2.228s] [01m[K/home/jcfurey/wvs_ws/src/web_video_server/include/web_video_server/subscribers/image_transport_subscriber.hpp:24:79:[m[K [01;35m[Kwarning: [m[K‘[01m[Ksensor_msgs::msg::Image_<std::allocator<void> >::ConstPtr[m[K’ is deprecated [[01;35m[K-Wdeprecated-declarations[m[K]
[2.228s]    24 |     void subscriberCallback(const sensor_msgs::msg::Image::ConstPtr &input_msg[01;35m[K)[m[K;
[2.228s]       |                                                                               [01;35m[K^[m[K
[2.229s] [01m[K/opt/ros/jazzy/include/sensor_msgs/sensor_msgs/msg/detail/image__struct.hpp:176:5:[m[K [01;36m[Knote: [m[Kdeclared here
[2.229s]   176 |     [01;36m[KConstPtr[m[K;
[2.229s]       |     [01;36m[K^~~~~~~~[m[K
[2.229s] In file included from [01m[K/home/jcfurey/wvs_ws/src/web_video_server/include/web_video_server/web_video_server.hpp:46[m[K:
[2.229s] [01m[K/home/jcfurey/wvs_ws/src/web_video_server/include/web_video_server/rtsp_streamer.hpp:106:67:[m[K [01;35m[Kwarning: [m[K‘[01m[Ksensor_msgs::msg::Image_<std::allocator<void> >::ConstPtr[m[K’ is deprecated [[01;35m[K-Wdeprecated-declarations[m[K]
[2.229s]   106 |   void imageCallback(const sensor_msgs::msg::Image::ConstPtr & msg[01;35m[K)[m[K;
[2.229s]       |                                                                   [01;35m[K^[m[K
[2.229s] [01m[K/opt/ros/jazzy/include/sensor_msgs/sensor_msgs/msg/detail/image__struct.hpp:176:5:[m[K [01;36m[Knote: [m[Kdeclared here
[2.229s]   176 |     [01;36m[KConstPtr[m[K;
[2.229s]       |     [01;36m[K^~~~~~~~[m[K
[2.229s] In file included from [01m[K/home/jcfurey/wvs_ws/src/web_video_server/include/web_video_server/subscribers/pointcloud2_subscriber.hpp:18[m[K,
[2.229s]                  from [01m[K/home/jcfurey/wvs_ws/src/web_video_server/include/web_video_server/image_streamer.hpp:44[m[K,
[2.229s]                  from [01m[K/home/jcfurey/wvs_ws/src/web_video_server/include/web_video_server/png_streamers.hpp:36[m[K,
[2.230s]                  from [01m[K/home/jcfurey/wvs_ws/src/web_video_server/src/png_streamers.cpp:30[m[K:
[2.230s] [01m[K/home/jcfurey/wvs_ws/src/web_video_server/include/web_video_server/subscribers/ros_subscriber.hpp:16:70:[m[K [01;35m[Kwarning: [m[K‘[01m[Ksensor_msgs::msg::Image_<std::allocator<void> >::ConstPtr[m[K’ is deprecated [[01;35m[K-Wdeprecated-declarations[m[K]
[2.230s]    16 |   typedef std::function<void(const sensor_msgs::msg::Image::ConstPtr&[01;35m[K)[m[K> ImageCallback;
[2.230s]       |                                                                      [01;35m[K^[m[K
[2.230s] In file included from [01m[K/opt/ros/jazzy/include/sensor_msgs/sensor_msgs/msg/image.hpp:7[m[K,
[2.230s]                  from [01m[K/opt/ros/jazzy/include/image_transport/image_transport/camera_publisher.hpp:38[m[K,
[2.230s]                  from [01m[K/opt/ros/jazzy/include/image_transport/image_transport/image_transport.hpp:39[m[K,
[2.230s]                  from [01m[K/home/jcfurey/wvs_ws/src/web_video_server/include/web_video_server/png_streamers.hpp:35[m[K:
[2.230s] [01m[K/opt/ros/jazzy/include/sensor_msgs/sensor_msgs/msg/detail/image__struct.hpp:176:5:[m[K [01;36m[Knote: [m[Kdeclared here
[2.230s]   176 |     [01;36m[KConstPtr[m[K;
[2.230s]       |     [01;36m[K^~~~~~~~[m[K
[2.230s] [01m[K/home/jcfurey/wvs_ws/src/web_video_server/include/web_video_server/subscribers/ros_subscriber.hpp:30:87:[m[K [01;35m[Kwarning: [m[K‘[01m[Ksensor_msgs::msg::Image_<std::allocator<void> >::ConstPtr[m[K’ is deprecated [[01;35m[K-Wdeprecated-declarations[m[K]
[2.231s]    30 |     virtual void subscriberCallback(const sensor_msgs::msg::Image::ConstPtr &input_msg[01;35m[K)[m[K;
[2.231s]       |                                                                                       [01;35m[K^[m[K
[2.231s] [01m[K/opt/ros/jazzy/include/sensor_msgs/sensor_msgs/msg/detail/image__struct.hpp:176:5:[m[K [01;36m[Knote: [m[Kdeclared here
[2.231s]   176 |     [01;36m[KConstPtr[m[K;
[2.231s]       |     [01;36m[K^~~~~~~~[m[K
[2.231s] [01m[K/home/jcfurey/wvs_ws/src/web_video_server/include/web_video_server/subscribers/pointcloud2_subscriber.hpp:34:85:[m[K [01;35m[Kwarning: [m[K‘[01m[Ksensor_msgs::msg::PointCloud2_<std::allocator<void> >::ConstPtr[m[K’ is deprecated [[01;35m[K-Wdeprecated-declarations[m[K]
[2.231s]    34 |     void subscriberCallback(const sensor_msgs::msg::PointCloud2::ConstPtr &input_msg[01;35m[K)[m[K;
[2.231s]       |                                                                                     [01;35m[K^[m[K
[2.231s] In file included from [01m[K/opt/ros/jazzy/include/sensor_msgs/sensor_msgs/msg/point_cloud2.hpp:7[m[K,
[2.231s]                  from [01m[K/home/jcfurey/wvs_ws/src/web_video_server/include/web_video_server/subscribers/pointcloud2_subscriber.hpp:7[m[K:
[2.231s] [01m[K/opt/ros/jazzy/include/sensor_msgs/sensor_msgs/msg/detail/point_cloud2__struct.hpp:197:5:[m[K [01;36m[Knote: [m[Kdeclared here
[2.232s]   197 |     [01;36m[KConstPtr[m[K;
[2.232s]       |     [01;36m[K^~~~~~~~[m[K
[2.232s] In file included from [01m[K/home/jcfurey/wvs_ws/src/web_video_server/include/web_video_server/image_streamer.hpp:45[m[K:
[2.232s] [01m[K/home/jcfurey/wvs_ws/src/web_video_server/include/web_video_server/subscribers/image_transport_subscriber.hpp:24:79:[m[K [01;35m[Kwarning: [m[K‘[01m[Ksensor_msgs::msg::Image_<std::allocator<void> >::ConstPtr[m[K’ is deprecated [[01;35m[K-Wdeprecated-declarations[m[K]
[2.232s]    24 |     void subscriberCallback(const sensor_msgs::msg::Image::ConstPtr &input_msg[01;35m[K)[m[K;
[2.232s]       |                                                                               [01;35m[K^[m[K
[2.232s] [01m[K/opt/ros/jazzy/include/sensor_msgs/sensor_msgs/msg/detail/image__struct.hpp:176:5:[m[K [01;36m[Knote: [m[Kdeclared here
[2.232s]   176 |     [01;36m[KConstPtr[m[K;
[2.232s]       |     [01;36m[K^~~~~~~~[m[K
[2.232s] In file included from [01m[K/home/jcfurey/wvs_ws/src/web_video_server/include/web_video_server/subscribers/pointcloud2_subscriber.hpp:18[m[K,
[2.233s]                  from [01m[K/home/jcfurey/wvs_ws/src/web_video_server/include/web_video_server/image_streamer.hpp:44[m[K,
[2.233s]                  from [01m[K/home/jcfurey/wvs_ws/src/web_video_server/src/image_streamer.cpp:31[m[K:
[2.233s] [01m[K/home/jcfurey/wvs_ws/src/web_video_server/include/web_video_server/subscribers/ros_subscriber.hpp:16:70:[m[K [01;35m[Kwarning: [m[K‘[01m[Ksensor_msgs::msg::Image_<std::allocator<void> >::ConstPtr[m[K’ is deprecated [[01;35m[K-Wdeprecated-declarations[m[K]
[2.233s]    16 |   typedef std::function<void(const sensor_msgs::msg::Image::ConstPtr&[01;35m[K)[m[K> ImageCallback;
[2.233s]       |                                                                      [01;35m[K^[m[K
[2.233s] In file included from [01m[K/opt/ros/jazzy/include/sensor_msgs/sensor_msgs/msg/image.hpp:7[m[K,
[2.233s]                  from [01m[K/home/jcfurey/wvs_ws/src/web_video_server/include/web_video_server/subscribers/pointcloud2_subscriber.hpp:5[m[K:
[2.233s] [01m[K/opt/ros/jazzy/include/sensor_msgs/sensor_msgs/msg/detail/image__struct.hpp:176:5:[m[K [01;36m[Knote: [m[Kdeclared here
[2.233s]   176 |     [01;36m[KConstPtr[m[K;
[2.233s]       |     [01;36m[K^~~~~~~~[m[K
[2.234s] [01m[K/home/jcfurey/wvs_ws/src/web_video_server/include/web_video_server/subscribers/ros_subscriber.hpp:30:87:[m[K [01;35m[Kwarning: [m[K‘[01m[Ksensor_msgs::msg::Image_<std::allocator<void> >::ConstPtr[m[K’ is deprecated [[01;35m[K-Wdeprecated-declarations[m[K]
[2.234s]    30 |     virtual void subscriberCallback(const sensor_msgs::msg::Image::ConstPtr &input_msg[01;35m[K)[m[K;
[2.234s]       |                                                                                       [01;35m[K^[m[K
[2.234s] [01m[K/opt/ros/jazzy/include/sensor_msgs/sensor_msgs/msg/detail/image__struct.hpp:176:5:[m[K [01;36m[Knote: [m[Kdeclared here
[2.234s]   176 |     [01;36m[KConstPtr[m[K;
[2.234s]       |     [01;36m[K^~~~~~~~[m[K
[2.234s] [01m[K/home/jcfurey/wvs_ws/src/web_video_server/include/web_video_server/subscribers/pointcloud2_subscriber.hpp:34:85:[m[K [01;35m[Kwarning: [m[K‘[01m[Ksensor_msgs::msg::PointCloud2_<std::allocator<void> >::ConstPtr[m[K’ is deprecated [[01;35m[K-Wdeprecated-declarations[m[K]
[2.234s]    34 |     void subscriberCallback(const sensor_msgs::msg::PointCloud2::ConstPtr &input_msg[01;35m[K)[m[K;
[2.234s]       |                                                                                     [01;35m[K^[m[K
[2.234s] In file included from [01m[K/opt/ros/jazzy/include/sensor_msgs/sensor_msgs/msg/point_cloud2.hpp:7[m[K,
[2.235s]                  from [01m[K/home/jcfurey/wvs_ws/src/web_video_server/include/web_video_server/subscribers/pointcloud2_subscriber.hpp:7[m[K:
[2.235s] [01m[K/opt/ros/jazzy/include/sensor_msgs/sensor_msgs/msg/detail/point_cloud2__struct.hpp:197:5:[m[K [01;36m[Knote: [m[Kdeclared here
[2.235s]   197 |     [01;36m[KConstPtr[m[K;
[2.235s]       |     [01;36m[K^~~~~~~~[m[K
[2.235s] [01m[K/home/jcfurey/wvs_ws/src/web_video_server/include/web_video_server/subscribers/ros_subscriber.hpp:30:18:[m[K [01;35m[Kwarning: [m[K‘[01m[Kvirtual void web_video_server::RosSubscriber::[01;32m[KsubscriberCallback[m[K(const sensor_msgs::msg::Image_<std::allocator<void> >::ConstPtr&)[m[K’ was hidden [[01;35m[K-Woverloaded-virtual=[m[K]
[2.235s]    30 |     virtual void [01;35m[KsubscriberCallback[m[K(const sensor_msgs::msg::Image::ConstPtr &input_msg);
[2.235s]       |                  [01;35m[K^~~~~~~~~~~~~~~~~~[m[K
[2.235s] [01m[K/home/jcfurey/wvs_ws/src/web_video_server/include/web_video_server/subscribers/pointcloud2_subscriber.hpp:34:10:[m[K [01;36m[Knote: [m[K  by ‘[01m[Kvoid web_video_server::PointCloud2Subscriber::[01;32m[KsubscriberCallback[m[K(const sensor_msgs::msg::PointCloud2_<std::allocator<void> >::ConstPtr&)[m[K’
[2.235s]    34 |     void [01;36m[KsubscriberCallback[m[K(const sensor_msgs::msg::PointCloud2::ConstPtr &input_msg);
[2.235s]       |          [01;36m[K^~~~~~~~~~~~~~~~~~[m[K
[2.235s] In file included from [01m[K/home/jcfurey/wvs_ws/src/web_video_server/include/web_video_server/image_streamer.hpp:45[m[K:
[2.236s] [01m[K/home/jcfurey/wvs_ws/src/web_video_server/include/web_video_server/subscribers/image_transport_subscriber.hpp:24:79:[m[K [01;35m[Kwarning: [m[K‘[01m[Ksensor_msgs::msg::Image_<std::allocator<void> >::ConstPtr[m[K’ is deprecated [[01;35m[K-Wdeprecated-declarations[m[K]
[2.236s]    24 |     void subscriberCallback(const sensor_msgs::msg::Image::ConstPtr &input_msg[01;35m[K)[m[K;
[2.236s]       |                                                                               [01;35m[K^[m[K
[2.236s] [01m[K/opt/ros/jazzy/include/sensor_msgs/sensor_msgs/msg/detail/image__struct.hpp:176:5:[m[K [01;36m[Knote: [m[Kdeclared here
[2.236s]   176 |     [01;36m[KConstPtr[m[K;
[2.236s]       |     [01;36m[K^~~~~~~~[m[K
[2.236s] In file included from [01m[K/home/jcfurey/wvs_ws/src/web_video_server/include/web_video_server/subscribers/image_transport_subscriber.hpp:8[m[K,
[2.236s]                  from [01m[K/home/jcfurey/wvs_ws/src/web_video_server/include/web_video_server/rtsp_streamer.hpp:57[m[K,
[2.236s]                  from [01m[K/home/jcfurey/wvs_ws/src/web_video_server/src/rtsp_streamer.cpp:30[m[K:
[2.236s] [01m[K/home/jcfurey/wvs_ws/src/web_video_server/include/web_video_server/subscribers/ros_subscriber.hpp:16:70:[m[K [01;35m[Kwarning: [m[K‘[01m[Ksensor_msgs::msg::Image_<std::allocator<void> >::ConstPtr[m[K’ is deprecated [[01;35m[K-Wdeprecated-declarations[m[K]
[2.237s]    16 |   typedef std::function<void(const sensor_msgs::msg::Image::ConstPtr&[01;35m[K)[m[K> ImageCallback;
[2.237s]       |                                                                      [01;35m[K^[m[K
[2.237s] In file included from [01m[K/opt/ros/jazzy/include/sensor_msgs/sensor_msgs/msg/image.hpp:7[m[K,
[2.237s]                  from [01m[K/home/jcfurey/wvs_ws/src/web_video_server/include/web_video_server/rtsp_streamer.hpp:56[m[K:
[2.237s] [01m[K/opt/ros/jazzy/include/sensor_msgs/sensor_msgs/msg/detail/image__struct.hpp:176:5:[m[K [01;36m[Knote: [m[Kdeclared here
[2.237s]   176 |     [01;36m[KConstPtr[m[K;
[2.237s]       |     [01;36m[K^~~~~~~~[m[K
[2.237s] [01m[K/home/jcfurey/wvs_ws/src/web_video_server/include/web_video_server/subscribers/ros_subscriber.hpp:30:87:[m[K [01;35m[Kwarning: [m[K‘[01m[Ksensor_msgs::msg::Image_<std::allocator<void> >::ConstPtr[m[K’ is deprecated [[01;35m[K-Wdeprecated-declarations[m[K]
[2.237s]    30 |     virtual void subscriberCallback(const sensor_msgs::msg::Image::ConstPtr &input_msg[01;35m[K)[m[K;
[2.237s]       |                                                                                       [01;35m[K^[m[K
[2.237s] [01m[K/opt/ros/jazzy/include/sensor_msgs/sensor_msgs/msg/detail/image__struct.hpp:176:5:[m[K [01;36m[Knote: [m[Kdeclared here
[2.238s]   176 |     [01;36m[KConstPtr[m[K;
[2.238s]       |     [01;36m[K^~~~~~~~[m[K
[2.238s] [01m[K/home/jcfurey/wvs_ws/src/web_video_server/include/web_video_server/subscribers/image_transport_subscriber.hpp:24:79:[m[K [01;35m[Kwarning: [m[K‘[01m[Ksensor_msgs::msg::Image_<std::allocator<void> >::ConstPtr[m[K’ is deprecated [[01;35m[K-Wdeprecated-declarations[m[K]
[2.238s]    24 |     void subscriberCallback(const sensor_msgs::msg::Image::ConstPtr &input_msg[01;35m[K)[m[K;
[2.238s]       |                                                                               [01;35m[K^[m[K
[2.238s] [01m[K/opt/ros/jazzy/include/sensor_msgs/sensor_msgs/msg/detail/image__struct.hpp:176:5:[m[K [01;36m[Knote: [m[Kdeclared here
[2.238s]   176 |     [01;36m[KConstPtr[m[K;
[2.238s]       |     [01;36m[K^~~~~~~~[m[K
[2.238s] In file included from [01m[K/home/jcfurey/wvs_ws/src/web_video_server/include/web_video_server/rtsp_streamer.hpp:58[m[K:
[2.238s] [01m[K/home/jcfurey/wvs_ws/src/web_video_server/include/web_video_server/subscribers/pointcloud2_subscriber.hpp:34:85:[m[K [01;35m[Kwarning: [m[K‘[01m[Ksensor_msgs::msg::PointCloud2_<std::allocator<void> >::ConstPtr[m[K’ is deprecated [[01;35m[K-Wdeprecated-declarations[m[K]
[2.239s]    34 |     void subscriberCallback(const sensor_msgs::msg::PointCloud2::ConstPtr &input_msg[01;35m[K)[m[K;
[2.239s]       |                                                                                     [01;35m[K^[m[K
[2.239s] In file included from [01m[K/opt/ros/jazzy/include/sensor_msgs/sensor_msgs/msg/point_cloud2.hpp:7[m[K,
[2.239s]                  from [01m[K/home/jcfurey/wvs_ws/src/web_video_server/include/web_video_server/subscribers/pointcloud2_subscriber.hpp:7[m[K:
[2.239s] [01m[K/opt/ros/jazzy/include/sensor_msgs/sensor_msgs/msg/detail/point_cloud2__struct.hpp:197:5:[m[K [01;36m[Knote: [m[Kdeclared here
[2.239s]   197 |     [01;36m[KConstPtr[m[K;
[2.239s]       |     [01;36m[K^~~~~~~~[m[K
[2.239s] [01m[K/home/jcfurey/wvs_ws/src/web_video_server/include/web_video_server/rtsp_streamer.hpp:106:67:[m[K [01;35m[Kwarning: [m[K‘[01m[Ksensor_msgs::msg::Image_<std::allocator<void> >::ConstPtr[m[K’ is deprecated [[01;35m[K-Wdeprecated-declarations[m[K]
[2.239s]   106 |   void imageCallback(const sensor_msgs::msg::Image::ConstPtr & msg[01;35m[K)[m[K;
[2.239s]       |                                                                   [01;35m[K^[m[K
[2.239s] [01m[K/opt/ros/jazzy/include/sensor_msgs/sensor_msgs/msg/detail/image__struct.hpp:176:5:[m[K [01;36m[Knote: [m[Kdeclared here
[2.240s]   176 |     [01;36m[KConstPtr[m[K;
[2.240s]       |     [01;36m[K^~~~~~~~[m[K
[2.240s] [01m[K/home/jcfurey/wvs_ws/src/web_video_server/src/rtsp_streamer.cpp:[m[K In member function ‘[01m[Kvoid web_video_server::RTSPStreamer::[01;32m[KhandleOptions[m[K(int, const std::string&, const std::string&)[m[K’:
[2.240s] [01m[K/home/jcfurey/wvs_ws/src/web_video_server/src/rtsp_streamer.cpp:383:72:[m[K [01;35m[Kwarning: [m[Kunused parameter ‘[01m[Kuri[m[K’ [[01;35m[K-Wunused-parameter[m[K]
[2.240s]   383 | void RTSPStreamer::handleOptions(int client_socket, [01;35m[Kconst std::string& uri[m[K, const std::string& request)
[2.240s]       |                                                     [01;35m[K~~~~~~~~~~~~~~~~~~~^~~[m[K
[2.240s] [01m[K/home/jcfurey/wvs_ws/src/web_video_server/src/rtsp_streamer.cpp:[m[K In member function ‘[01m[Kvoid web_video_server::RTSPStreamer::[01;32m[KhandleDescribe[m[K(int, const std::string&, const std::string&)[m[K’:
[2.240s] [01m[K/home/jcfurey/wvs_ws/src/web_video_server/src/rtsp_streamer.cpp:407:73:[m[K [01;35m[Kwarning: [m[Kunused parameter ‘[01m[Kuri[m[K’ [[01;35m[K-Wunused-parameter[m[K]
[2.240s]   407 | void RTSPStreamer::handleDescribe(int client_socket, [01;35m[Kconst std::string& uri[m[K, const std::string& request)
[2.240s]       |                                                      [01;35m[K~~~~~~~~~~~~~~~~~~~^~~[m[K
[2.241s] [01m[K/home/jcfurey/wvs_ws/src/web_video_server/src/rtsp_streamer.cpp:[m[K At global scope:
[2.241s] [01m[K/home/jcfurey/wvs_ws/src/web_video_server/src/rtsp_streamer.cpp:582:79:[m[K [01;35m[Kwarning: [m[K‘[01m[Ksensor_msgs::msg::Image_<std::allocator<void> >::ConstPtr[m[K’ is deprecated [[01;35m[K-Wdeprecated-declarations[m[K]
[2.241s]   582 | void RTSPStreamer::imageCallback(const sensor_msgs::msg::Image::ConstPtr & msg[01;35m[K)[m[K
[2.241s]       |                                                                               [01;35m[K^[m[K
[2.241s] [01m[K/opt/ros/jazzy/include/sensor_msgs/sensor_msgs/msg/detail/image__struct.hpp:176:5:[m[K [01;36m[Knote: [m[Kdeclared here
[2.241s]   176 |     [01;36m[KConstPtr[m[K;
[2.241s]       |     [01;36m[K^~~~~~~~[m[K
[2.241s] In file included from [01m[K/home/jcfurey/wvs_ws/src/web_video_server/src/subscribers/ros_subscriber.cpp:1[m[K:
[2.241s] [01m[K/home/jcfurey/wvs_ws/src/web_video_server/include/web_video_server/subscribers/ros_subscriber.hpp:16:70:[m[K [01;35m[Kwarning: [m[K‘[01m[Ksensor_msgs::msg::Image_<std::allocator<void> >::ConstPtr[m[K’ is deprecated [[01;35m[K-Wdeprecated-declarations[m[K]
[2.241s]    16 |   typedef std::function<void(const sensor_msgs::msg::Image::ConstPtr&[01;35m[K)[m[K> ImageCallback;
[2.241s]       |                                                                      [01;35m[K^[m[K
[2.242s] In file included from [01m[K/opt/ros/jazzy/include/sensor_msgs/sensor_msgs/msg/image.hpp:7[m[K,
[2.242s]                  from [01m[K/home/jcfurey/wvs_ws/src/web_video_server/include/web_video_server/subscribers/ros_subscriber.hpp:8[m[K:
[2.242s] [01m[K/opt/ros/jazzy/include/sensor_msgs/sensor_msgs/msg/detail/image__struct.hpp:176:5:[m[K [01;36m[Knote: [m[Kdeclared here
[2.242s]   176 |     [01;36m[KConstPtr[m[K;
[2.242s]       |     [01;36m[K^~~~~~~~[m[K
[2.242s] [01m[K/home/jcfurey/wvs_ws/src/web_video_server/include/web_video_server/subscribers/ros_subscriber.hpp:30:87:[m[K [01;35m[Kwarning: [m[K‘[01m[Ksensor_msgs::msg::Image_<std::allocator<void> >::ConstPtr[m[K’ is deprecated [[01;35m[K-Wdeprecated-declarations[m[K]
[2.242s]    30 |     virtual void subscriberCallback(const sensor_msgs::msg::Image::ConstPtr &input_msg[01;35m[K)[m[K;
[2.242s]       |                                                                                       [01;35m[K^[m[K
[2.242s] [01m[K/opt/ros/jazzy/include/sensor_msgs/sensor_msgs/msg/detail/image__struct.hpp:176:5:[m[K [01;36m[Knote: [m[Kdeclared here
[2.242s]   176 |     [01;36m[KConstPtr[m[K;
[2.243s]       |     [01;36m[K^~~~~~~~[m[K
[2.243s] [01m[K/home/jcfurey/wvs_ws/src/web_video_server/src/subscribers/ros_subscriber.cpp:43:90:[m[K [01;35m[Kwarning: [m[K‘[01m[Ksensor_msgs::msg::Image_<std::allocator<void> >::ConstPtr[m[K’ is deprecated [[01;35m[K-Wdeprecated-declarations[m[K]
[2.243s]    43 | void RosSubscriber::subscriberCallback(const sensor_msgs::msg::Image::ConstPtr &input_msg[01;35m[K)[m[K
[2.243s]       |                                                                                          [01;35m[K^[m[K
[2.243s] [01m[K/opt/ros/jazzy/include/sensor_msgs/sensor_msgs/msg/detail/image__struct.hpp:176:5:[m[K [01;36m[Knote: [m[Kdeclared here
[2.243s]   176 |     [01;36m[KConstPtr[m[K;
[2.243s]       |     [01;36m[K^~~~~~~~[m[K
[2.243s] In file included from [01m[K/home/jcfurey/wvs_ws/src/web_video_server/include/web_video_server/subscribers/pointcloud2_subscriber.hpp:18[m[K,
[2.243s]                  from [01m[K/home/jcfurey/wvs_ws/src/web_video_server/include/web_video_server/image_streamer.hpp:44[m[K,
[2.243s]                  from [01m[K/home/jcfurey/wvs_ws/src/web_video_server/include/web_video_server/ros_compressed_streamer.hpp:37[m[K,
[2.244s]                  from [01m[K/home/jcfurey/wvs_ws/src/web_video_server/src/ros_compressed_streamer.cpp:31[m[K:
[2.244s] [01m[K/home/jcfurey/wvs_ws/src/web_video_server/include/web_video_server/subscribers/ros_subscriber.hpp:16:70:[m[K [01;35m[Kwarning: [m[K‘[01m[Ksensor_msgs::msg::Image_<std::allocator<void> >::ConstPtr[m[K’ is deprecated [[01;35m[K-Wdeprecated-declarations[m[K]
[2.244s]    16 |   typedef std::function<void(const sensor_msgs::msg::Image::ConstPtr&[01;35m[K)[m[K> ImageCallback;
[2.244s]       |                                                                      [01;35m[K^[m[K
[2.244s] In file included from [01m[K/opt/ros/jazzy/include/sensor_msgs/sensor_msgs/msg/image.hpp:7[m[K,
[2.244s]                  from [01m[K/home/jcfurey/wvs_ws/src/web_video_server/include/web_video_server/subscribers/pointcloud2_subscriber.hpp:5[m[K:
[2.244s] [01m[K/opt/ros/jazzy/include/sensor_msgs/sensor_msgs/msg/detail/image__struct.hpp:176:5:[m[K [01;36m[Knote: [m[Kdeclared here
[2.244s]   176 |     [01;36m[KConstPtr[m[K;
[2.244s]       |     [01;36m[K^~~~~~~~[m[K
[2.244s] [01m[K/home/jcfurey/wvs_ws/src/web_video_server/include/web_video_server/subscribers/ros_subscriber.hpp:30:87:[m[K [01;35m[Kwarning: [m[K‘[01m[Ksensor_msgs::msg::Image_<std::allocator<void> >::ConstPtr[m[K’ is deprecated [[01;35m[K-Wdeprecated-declarations[m[K]
[2.244s]    30 |     virtual void subscriberCallback(const sensor_msgs::msg::Image::ConstPtr &input_msg[01;35m[K)[m[K;
[2.245s]       |                                                                                       [01;35m[K^[m[K
[2.245s] [01m[K/opt/ros/jazzy/include/sensor_msgs/sensor_msgs/msg/detail/image__struct.hpp:176:5:[m[K [01;36m[Knote: [m[Kdeclared here
[2.245s]   176 |     [01;36m[KConstPtr[m[K;
[2.245s]       |     [01;36m[K^~~~~~~~[m[K
[2.245s] [01m[K/home/jcfurey/wvs_ws/src/web_video_server/include/web_video_server/subscribers/pointcloud2_subscriber.hpp:34:85:[m[K [01;35m[Kwarning: [m[K‘[01m[Ksensor_msgs::msg::PointCloud2_<std::allocator<void> >::ConstPtr[m[K’ is deprecated [[01;35m[K-Wdeprecated-declarations[m[K]
[2.245s]    34 |     void subscriberCallback(const sensor_msgs::msg::PointCloud2::ConstPtr &input_msg[01;35m[K)[m[K;
[2.245s]       |                                                                                     [01;35m[K^[m[K
[2.245s] In file included from [01m[K/opt/ros/jazzy/include/sensor_msgs/sensor_msgs/msg/point_cloud2.hpp:7[m[K,
[2.245s]                  from [01m[K/home/jcfurey/wvs_ws/src/web_video_server/include/web_video_server/subscribers/pointcloud2_subscriber.hpp:7[m[K:
[2.245s] [01m[K/opt/ros/jazzy/include/sensor_msgs/sensor_msgs/msg/detail/point_cloud2__struct.hpp:197:5:[m[K [01;36m[Knote: [m[Kdeclared here
[2.246s]   197 |     [01;36m[KConstPtr[m[K;
[2.246s]       |     [01;36m[K^~~~~~~~[m[K
[2.246s] [01m[K/home/jcfurey/wvs_ws/src/web_video_server/include/web_video_server/subscribers/ros_subscriber.hpp:30:18:[m[K [01;35m[Kwarning: [m[K‘[01m[Kvirtual void web_video_server::RosSubscriber::[01;32m[KsubscriberCallback[m[K(const sensor_msgs::msg::Image_<std::allocator<void> >::ConstPtr&)[m[K’ was hidden [[01;35m[K-Woverloaded-virtual=[m[K]
[2.246s]    30 |     virtual void [01;35m[KsubscriberCallback[m[K(const sensor_msgs::msg::Image::ConstPtr &input_msg);
[2.246s]       |                  [01;35m[K^~~~~~~~~~~~~~~~~~[m[K
[2.246s] [01m[K/home/jcfurey/wvs_ws/src/web_video_server/include/web_video_server/subscribers/pointcloud2_subscriber.hpp:34:10:[m[K [01;36m[Knote: [m[K  by ‘[01m[Kvoid web_video_server::PointCloud2Subscriber::[01;32m[KsubscriberCallback[m[K(const sensor_msgs::msg::PointCloud2_<std::allocator<void> >::ConstPtr&)[m[K’
[2.246s]    34 |     void [01;36m[KsubscriberCallback[m[K(const sensor_msgs::msg::PointCloud2::ConstPtr &input_msg);
[2.246s]       |          [01;36m[K^~~~~~~~~~~~~~~~~~[m[K
[2.246s] In file included from [01m[K/home/jcfurey/wvs_ws/src/web_video_server/include/web_video_server/image_streamer.hpp:45[m[K:
[2.246s] [01m[K/home/jcfurey/wvs_ws/src/web_video_server/include/web_video_server/subscribers/image_transport_subscriber.hpp:24:79:[m[K [01;35m[Kwarning: [m[K‘[01m[Ksensor_msgs::msg::Image_<std::allocator<void> >::ConstPtr[m[K’ is deprecated [[01;35m[K-Wdeprecated-declarations[m[K]
[2.246s]    24 |     void subscriberCallback(const sensor_msgs::msg::Image::ConstPtr &input_msg[01;35m[K)[m[K;
[2.247s]       |                                                                               [01;35m[K^[m[K
[2.247s] [01m[K/opt/ros/jazzy/include/sensor_msgs/sensor_msgs/msg/detail/image__struct.hpp:176:5:[m[K [01;36m[Knote: [m[Kdeclared here
[2.247s]   176 |     [01;36m[KConstPtr[m[K;
[2.247s]       |     [01;36m[K^~~~~~~~[m[K
[2.247s] [01m[K/home/jcfurey/wvs_ws/src/web_video_server/src/ros_compressed_streamer.cpp:[m[K In member function ‘[01m[Kvirtual void web_video_server::RosCompressedStreamer::[01;32m[KsendImage[m[K(const cv::Mat&, const std::chrono::_V2::steady_clock::time_point&)[m[K’:
[2.247s] [01m[K/home/jcfurey/wvs_ws/src/web_video_server/src/ros_compressed_streamer.cpp:90:55:[m[K [01;35m[Kwarning: [m[Kunused parameter ‘[01m[Kimg[m[K’ [[01;35m[K-Wunused-parameter[m[K]
[2.247s]    90 | void RosCompressedStreamer::sendImage([01;35m[Kconst cv::Mat & img[m[K, const std::chrono::steady_clock::time_point & time)
[2.247s]       |                                       [01;35m[K~~~~~~~~~~~~~~~~^~~[m[K
[2.247s] [01m[K/home/jcfurey/wvs_ws/src/web_video_server/src/ros_compressed_streamer.cpp:90:106:[m[K [01;35m[Kwarning: [m[Kunused parameter ‘[01m[Ktime[m[K’ [[01;35m[K-Wunused-parameter[m[K]
[2.247s]    90 | void RosCompressedStreamer::sendImage(const cv::Mat & img, [01;35m[Kconst std::chrono::steady_clock::time_point & time[m[K)
[2.247s]       |                                                            [01;35m[K~~~~~~~~~~~~~~~~~~~~~~~~~~~~~~~~~~~~~~~~~~~~~~^~~~[m[K
[2.248s] [01m[K/home/jcfurey/wvs_ws/src/web_video_server/src/ros_compressed_streamer.cpp:[m[K At global scope:
[2.248s] [01m[K/home/jcfurey/wvs_ws/src/web_video_server/src/ros_compressed_streamer.cpp:135:56:[m[K [01;35m[Kwarning: [m[K‘[01m[Ksensor_msgs::msg::CompressedImage_<std::allocator<void> >::ConstPtr[m[K’ is deprecated [[01;35m[K-Wdeprecated-declarations[m[K]
[2.248s]   135 |   const sensor_msgs::msg::CompressedImage::ConstPtr msg[01;35m[K)[m[K
[2.248s]       |                                                        [01;35m[K^[m[K
[2.248s] In file included from [01m[K/opt/ros/jazzy/include/sensor_msgs/sensor_msgs/msg/compressed_image.hpp:7[m[K,
[2.248s]                  from [01m[K/home/jcfurey/wvs_ws/src/web_video_server/include/web_video_server/ros_compressed_streamer.hpp:36[m[K:
[2.248s] [01m[K/opt/ros/jazzy/include/sensor_msgs/sensor_msgs/msg/detail/compressed_image__struct.hpp:132:5:[m[K [01;36m[Knote: [m[Kdeclared here
[2.248s]   132 |     [01;36m[KConstPtr[m[K;
[2.248s]       |     [01;36m[K^~~~~~~~[m[K
[11.962s] In file included from [01m[K/home/jcfurey/wvs_ws/src/web_video_server/include/web_video_server/subscribers/pointcloud2_subscriber.hpp:18[m[K,
[11.962s]                  from [01m[K/home/jcfurey/wvs_ws/src/web_video_server/src/subscribers/pointcloud2_subscriber.cpp:3[m[K:
[11.962s] [01m[K/home/jcfurey/wvs_ws/src/web_video_server/include/web_video_server/subscribers/ros_subscriber.hpp:16:70:[m[K [01;35m[Kwarning: [m[K‘[01m[Ksensor_msgs::msg::Image_<std::allocator<void> >::ConstPtr[m[K’ is deprecated [[01;35m[K-Wdeprecated-declarations[m[K]
[11.962s]    16 |   typedef std::function<void(const sensor_msgs::msg::Image::ConstPtr&[01;35m[K)[m[K> ImageCallback;
[11.962s]       |                                                                      [01;35m[K^[m[K
[11.962s] In file included from [01m[K/opt/ros/jazzy/include/sensor_msgs/sensor_msgs/msg/image.hpp:7[m[K,
[11.962s]                  from [01m[K/home/jcfurey/wvs_ws/src/web_video_server/include/web_video_server/subscribers/pointcloud2_subscriber.hpp:5[m[K:
[11.962s] [01m[K/opt/ros/jazzy/include/sensor_msgs/sensor_msgs/msg/detail/image__struct.hpp:176:5:[m[K [01;36m[Knote: [m[Kdeclared here
[11.962s]   176 |     [01;36m[KConstPtr[m[K;
[11.962s]       |     [01;36m[K^~~~~~~~[m[K
[11.962s] [01m[K/home/jcfurey/wvs_ws/src/web_video_server/include/web_video_server/subscribers/ros_subscriber.hpp:30:87:[m[K [01;35m[Kwarning: [m[K‘[01m[Ksensor_msgs::msg::Image_<std::allocator<void> >::ConstPtr[m[K’ is deprecated [[01;35m[K-Wdeprecated-declarations[m[K]
[11.962s]    30 |     virtual void subscriberCallback(const sensor_msgs::msg::Image::ConstPtr &input_msg[01;35m[K)[m[K;
[11.962s]       |                                                                                       [01;35m[K^[m[K
[11.963s] [01m[K/opt/ros/jazzy/include/sensor_msgs/sensor_msgs/msg/detail/image__struct.hpp:176:5:[m[K [01;36m[Knote: [m[Kdeclared here
[11.963s]   176 |     [01;36m[KConstPtr[m[K;
[11.963s]       |     [01;36m[K^~~~~~~~[m[K
[11.963s] [01m[K/home/jcfurey/wvs_ws/src/web_video_server/include/web_video_server/subscribers/pointcloud2_subscriber.hpp:34:85:[m[K [01;35m[Kwarning: [m[K‘[01m[Ksensor_msgs::msg::PointCloud2_<std::allocator<void> >::ConstPtr[m[K’ is deprecated [[01;35m[K-Wdeprecated-declarations[m[K]
[11.963s]    34 |     void subscriberCallback(const sensor_msgs::msg::PointCloud2::ConstPtr &input_msg[01;35m[K)[m[K;
[11.963s]       |                                                                                     [01;35m[K^[m[K
[11.963s] In file included from [01m[K/opt/ros/jazzy/include/sensor_msgs/sensor_msgs/msg/point_cloud2.hpp:7[m[K,
[11.963s]                  from [01m[K/home/jcfurey/wvs_ws/src/web_video_server/include/web_video_server/subscribers/pointcloud2_subscriber.hpp:7[m[K:
[11.963s] [01m[K/opt/ros/jazzy/include/sensor_msgs/sensor_msgs/msg/detail/point_cloud2__struct.hpp:197:5:[m[K [01;36m[Knote: [m[Kdeclared here
[11.963s]   197 |     [01;36m[KConstPtr[m[K;
[11.963s]       |     [01;36m[K^~~~~~~~[m[K
[11.963s] [01m[K/home/jcfurey/wvs_ws/src/web_video_server/include/web_video_server/subscribers/ros_subscriber.hpp:30:18:[m[K [01;35m[Kwarning: [m[K‘[01m[Kvirtual void web_video_server::RosSubscriber::[01;32m[KsubscriberCallback[m[K(const sensor_msgs::msg::Image_<std::allocator<void> >::ConstPtr&)[m[K’ was hidden [[01;35m[K-Woverloaded-virtual=[m[K]
[11.963s]    30 |     virtual void [01;35m[KsubscriberCallback[m[K(const sensor_msgs::msg::Image::ConstPtr &input_msg);
[11.963s]       |                  [01;35m[K^~~~~~~~~~~~~~~~~~[m[K
[11.963s] [01m[K/home/jcfurey/wvs_ws/src/web_video_server/include/web_video_server/subscribers/pointcloud2_subscriber.hpp:34:10:[m[K [01;36m[Knote: [m[K  by ‘[01m[Kvoid web_video_server::PointCloud2Subscriber::[01;32m[KsubscriberCallback[m[K(const sensor_msgs::msg::PointCloud2_<std::allocator<void> >::ConstPtr&)[m[K’
[11.964s]    34 |     void [01;36m[KsubscriberCallback[m[K(const sensor_msgs::msg::PointCloud2::ConstPtr &input_msg);
[11.964s]       |          [01;36m[K^~~~~~~~~~~~~~~~~~[m[K
[11.964s] [01m[K/home/jcfurey/wvs_ws/src/web_video_server/src/subscribers/pointcloud2_subscriber.cpp:73:104:[m[K [01;35m[Kwarning: [m[K‘[01m[Ksensor_msgs::msg::PointCloud2_<std::allocator<void> >::ConstPtr[m[K’ is deprecated [[01;35m[K-Wdeprecated-declarations[m[K]
[11.964s]    73 | void PointCloud2Subscriber::subscriberCallback(const sensor_msgs::msg::PointCloud2::ConstPtr &input_msg[01;35m[K)[m[K
[11.964s]       |                                                                                                        [01;35m[K^[m[K
[11.964s] [01m[K/opt/ros/jazzy/include/sensor_msgs/sensor_msgs/msg/detail/point_cloud2__struct.hpp:197:5:[m[K [01;36m[Knote: [m[Kdeclared here
[11.964s]   197 |     [01;36m[KConstPtr[m[K;
[11.964s]       |     [01;36m[K^~~~~~~~[m[K
[11.964s] [01m[K/home/jcfurey/wvs_ws/src/web_video_server/src/subscribers/pointcloud2_subscriber.cpp:[m[K In member function ‘[01m[Kvoid web_video_server::PointCloud2Subscriber::[01;32m[KsubscriberCallback[m[K(const sensor_msgs::msg::PointCloud2_<std::allocator<void> >::ConstPtr&)[m[K’:
[11.964s] [01m[K/home/jcfurey/wvs_ws/src/web_video_server/src/subscribers/pointcloud2_subscriber.cpp:708:15:[m[K [01;31m[Kerror: [m[K‘[01m[Kneed_endian_swap[m[K’ was not declared in this scope
[11.964s]   708 |           if ([01;31m[Kneed_endian_swap[m[K) intensity_value = swap_endian(intensity_value);
[11.964s]       |               [01;31m[K^~~~~~~~~~~~~~~~[m[K
[11.964s] [01m[K/home/jcfurey/wvs_ws/src/web_video_server/src/subscribers/pointcloud2_subscriber.cpp:708:51:[m[K [01;31m[Kerror: [m[K‘[01m[Kswap_endian[m[K’ was not declared in this scope; did you mean ‘[01m[Ktf2SwapEndian[m[K’?
[11.964s]   708 |           if (need_endian_swap) intensity_value = [01;31m[Kswap_endian[m[K(intensity_value);
[11.965s]       |                                                   [01;31m[K^~~~~~~~~~~[m[K
[11.965s]       |                                                   [32m[Ktf2SwapEndian[m[K
[11.965s] [01m[K/home/jcfurey/wvs_ws/src/web_video_server/src/subscribers/pointcloud2_subscriber.cpp:714:15:[m[K [01;31m[Kerror: [m[K‘[01m[Kneed_endian_swap[m[K’ was not declared in this scope
[11.965s]   714 |           if ([01;31m[Kneed_endian_swap[m[K) intensity_value = swap_endian(intensity_value);
[11.965s]       |               [01;31m[K^~~~~~~~~~~~~~~~[m[K
[11.965s] [01m[K/home/jcfurey/wvs_ws/src/web_video_server/src/subscribers/pointcloud2_subscriber.cpp:714:51:[m[K [01;31m[Kerror: [m[K‘[01m[Kswap_endian[m[K’ was not declared in this scope; did you mean ‘[01m[Ktf2SwapEndian[m[K’?
[11.965s]   714 |           if (need_endian_swap) intensity_value = [01;31m[Kswap_endian[m[K(intensity_value);
[11.965s]       |                                                   [01;31m[K^~~~~~~~~~~[m[K
[11.965s]       |                                                   [32m[Ktf2SwapEndian[m[K
[11.965s] [01m[K/home/jcfurey/wvs_ws/src/web_video_server/src/subscribers/pointcloud2_subscriber.cpp:720:15:[m[K [01;31m[Kerror: [m[K‘[01m[Kneed_endian_swap[m[K’ was not declared in this scope
[11.965s]   720 |           if ([01;31m[Kneed_endian_swap[m[K) intensity_value = swap_endian(intensity_value);
[11.965s]       |               [01;31m[K^~~~~~~~~~~~~~~~[m[K
[11.965s] [01m[K/home/jcfurey/wvs_ws/src/web_video_server/src/subscribers/pointcloud2_subscriber.cpp:720:51:[m[K [01;31m[Kerror: [m[K‘[01m[Kswap_endian[m[K’ was not declared in this scope; did you mean ‘[01m[Ktf2SwapEndian[m[K’?
[11.966s]   720 |           if (need_endian_swap) intensity_value = [01;31m[Kswap_endian[m[K(intensity_value);
[11.966s]       |                                                   [01;31m[K^~~~~~~~~~~[m[K
[11.966s]       |                                                   [32m[Ktf2SwapEndian[m[K
[11.966s] [01m[K/home/jcfurey/wvs_ws/src/web_video_server/src/subscribers/pointcloud2_subscriber.cpp:776:39:[m[K [01;35m[Kwarning: [m[K‘[01m[Ksensor_msgs::msg::Image_<std::allocator<void> >::ConstPtr[m[K’ is deprecated [[01;35m[K-Wdeprecated-declarations[m[K]
[11.966s]   776 |     sensor_msgs::msg::Image::ConstPtr [01;35m[Koutput_ptr[m[K = std::make_shared<sensor_msgs::msg::Image>(output_msg);
[11.966s]       |                                       [01;35m[K^~~~~~~~~~[m[K
[11.966s] [01m[K/opt/ros/jazzy/include/sensor_msgs/sensor_msgs/msg/detail/image__struct.hpp:176:5:[m[K [01;36m[Knote: [m[Kdeclared here
[11.966s]   176 |     [01;36m[KConstPtr[m[K;
[11.966s]       |     [01;36m[K^~~~~~~~[m[K
[11.966s] [01m[K/home/jcfurey/wvs_ws/src/web_video_server/src/subscribers/pointcloud2_subscriber.cpp:833:21:[m[K [01;35m[Kwarning: [m[Kunused variable ‘[01m[Kdisplay_value[m[K’ [[01;35m[K-Wunused-variable[m[K]
[11.966s]   833 |             uint8_t [01;35m[Kdisplay_value[m[K = 128; // Default gray value
[11.966s]       |                     [01;35m[K^~~~~~~~~~~~~[m[K
[11.966s] [01m[K/home/jcfurey/wvs_ws/src/web_video_server/src/subscribers/pointcloud2_subscriber.cpp:884:41:[m[K [01;35m[Kwarning: [m[K‘[01m[Ksensor_msgs::msg::Image_<std::allocator<void> >::ConstPtr[m[K’ is deprecated [[01;35m[K-Wdeprecated-declarations[m[K]
[11.967s]   884 |       sensor_msgs::msg::Image::ConstPtr [01;35m[Koutput_ptr[m[K = std::make_shared<sensor_msgs::msg::Image>(output_msg);
[11.967s]       |                                         [01;35m[K^~~~~~~~~~[m[K
[11.967s] [01m[K/opt/ros/jazzy/include/sensor_msgs/sensor_msgs/msg/detail/image__struct.hpp:176:5:[m[K [01;36m[Knote: [m[Kdeclared here
[11.967s]   176 |     [01;36m[KConstPtr[m[K;
[11.967s]       |     [01;36m[K^~~~~~~~[m[K
[11.967s] [01m[K/home/jcfurey/wvs_ws/src/web_video_server/src/subscribers/pointcloud2_subscriber.cpp:899:37:[m[K [01;35m[Kwarning: [m[K‘[01m[Ksensor_msgs::msg::Image_<std::allocator<void> >::ConstPtr[m[K’ is deprecated [[01;35m[K-Wdeprecated-declarations[m[K]
[11.967s]   899 |   sensor_msgs::msg::Image::ConstPtr [01;35m[Koutput_ptr[m[K = std::make_shared<sensor_msgs::msg::Image>(output_msg);
[11.967s]       |                                     [01;35m[K^~~~~~~~~~[m[K
[11.967s] [01m[K/opt/ros/jazzy/include/sensor_msgs/sensor_msgs/msg/detail/image__struct.hpp:176:5:[m[K [01;36m[Knote: [m[Kdeclared here
[11.967s]   176 |     [01;36m[KConstPtr[m[K;
[11.967s]       |     [01;36m[K^~~~~~~~[m[K
[11.967s] [01m[K/home/jcfurey/wvs_ws/src/web_video_server/src/subscribers/pointcloud2_subscriber.cpp:905:48:[m[K [01;31m[Kerror: [m[Kqualified-id in declaration before ‘[01m[K([m[K’ token
[11.967s]   905 | bool PointCloud2Subscriber::compareFieldsOffset[01;31m[K([m[Ksensor_msgs::msg::PointField& field1, sensor_msgs::msg::PointField& field2)
[11.967s]       |                                                [01;31m[K^[m[K
[11.968s] [01m[K/home/jcfurey/wvs_ws/src/web_video_server/src/subscribers/pointcloud2_subscriber.cpp:911:1:[m[K [01;31m[Kerror: [m[Ka function-definition is not allowed here before ‘[01m[K{[m[K’ token
[11.968s]   911 | [01;31m[K{[m[K
[11.968s]       | [01;31m[K^[m[K
[11.968s] [01m[K/home/jcfurey/wvs_ws/src/web_video_server/src/subscribers/pointcloud2_subscriber.cpp:929:76:[m[K [01;31m[Kerror: [m[Kqualified-id in declaration before ‘[01m[K([m[K’ token
[11.968s]   929 | std::shared_ptr<RosSubscriber> PointCloud2SubscriberType::create_subscriber[01;31m[K([m[Krclcpp::Node::SharedPtr node)
[11.968s]       |                                                                            [01;31m[K^[m[K
[11.968s] [01m[K/home/jcfurey/wvs_ws/src/web_video_server/src/subscribers/pointcloud2_subscriber.cpp:[m[K At global scope:
[11.968s] [01m[K/home/jcfurey/wvs_ws/src/web_video_server/src/subscribers/pointcloud2_subscriber.cpp:935:2:[m[K [01;31m[Kerror: [m[Kexpected ‘[01m[K}[m[K’ at end of input
[11.968s]   935 | }
[11.969s]       |  [01;31m[K^[m[K
[11.969s] [01m[K/home/jcfurey/wvs_ws/src/web_video_server/src/subscribers/pointcloud2_subscriber.cpp:14:1:[m[K [01;36m[Knote: [m[Kto match this ‘[01m[K{[m[K’
[11.970s]    14 | [01;36m[K{[m[K
[11.970s]       | [01;36m[K^[m[K
[11.970s] gmake[2]: *** [CMakeFiles/web_video_server.dir/build.make:258: CMakeFiles/web_video_server.dir/src/subscribers/pointcloud2_subscriber.cpp.o] Error 1
[11.970s] gmake[1]: *** [CMakeFiles/Makefile2:139: CMakeFiles/web_video_server.dir/all] Error 2
[11.970s] gmake: *** [Makefile:146: all] Error 2
[11.971s] Invoked command in '/home/jcfurey/wvs_ws/src/web_video_server/build/web_video_server' returned '2': CMAKE_PREFIX_PATH=${CMAKE_PREFIX_PATH}:/opt/ros/jazzy DEBUGINFOD_URLS=https://debuginfod.ubuntu.com /usr/bin/cmake --build /home/jcfurey/wvs_ws/src/web_video_server/build/web_video_server -- -j32 -l32
